<?xml version="1.0" encoding="ISO-8859-1" ?>
<link_info>
   <banner>TI ARM Linker PC v18.1.1.LTS</banner>
   <copyright>Copyright (c) 1996-2017 Texas Instruments Incorporated</copyright>
   <link_time>0x5dd8b11b</link_time>
   <link_errors>0x0</link_errors>
   <output_file>freertos_demo.out</output_file>
   <entry_point>
      <name>_c_int00_noargs</name>
      <address>0x23a9</address>
   </entry_point>
   <input_file_list>
      <input_file id="fl-2">
         <path>.\</path>
         <kind>object</kind>
         <file>freertos_demo.obj</file>
         <name>freertos_demo.obj</name>
      </input_file>
      <input_file id="fl-3">
         <path>.\</path>
         <kind>object</kind>
         <file>i2c_task.obj</file>
         <name>i2c_task.obj</name>
      </input_file>
      <input_file id="fl-4">
         <path>.\</path>
         <kind>object</kind>
         <file>led_task.obj</file>
         <name>led_task.obj</name>
      </input_file>
      <input_file id="fl-5">
         <path>.\</path>
         <kind>object</kind>
         <file>startup_ccs.obj</file>
         <name>startup_ccs.obj</name>
      </input_file>
      <input_file id="fl-6">
         <path>.\</path>
         <kind>object</kind>
         <file>switch_task.obj</file>
         <name>switch_task.obj</name>
      </input_file>
      <input_file id="fl-7">
         <path>.\BNO055_driver\</path>
         <kind>object</kind>
         <file>bno055.obj</file>
         <name>bno055.obj</name>
      </input_file>
      <input_file id="fl-8">
         <path>.\BNO055_driver\</path>
         <kind>object</kind>
         <file>bno055_support.obj</file>
         <name>bno055_support.obj</name>
      </input_file>
      <input_file id="fl-9">
         <path>.\drivers\</path>
         <kind>object</kind>
         <file>buttons.obj</file>
         <name>buttons.obj</name>
      </input_file>
      <input_file id="fl-a">
         <path>.\drivers\</path>
         <kind>object</kind>
         <file>rgb.obj</file>
         <name>rgb.obj</name>
      </input_file>
      <input_file id="fl-b">
         <path>.\third_party\FreeRTOS\Source\</path>
         <kind>object</kind>
         <file>list.obj</file>
         <name>list.obj</name>
      </input_file>
      <input_file id="fl-c">
         <path>.\third_party\FreeRTOS\Source\</path>
         <kind>object</kind>
         <file>queue.obj</file>
         <name>queue.obj</name>
      </input_file>
      <input_file id="fl-d">
         <path>.\third_party\FreeRTOS\Source\</path>
         <kind>object</kind>
         <file>tasks.obj</file>
         <name>tasks.obj</name>
      </input_file>
      <input_file id="fl-e">
         <path>.\third_party\FreeRTOS\Source\portable\CCS\ARM_CM4F\</path>
         <kind>object</kind>
         <file>port.obj</file>
         <name>port.obj</name>
      </input_file>
      <input_file id="fl-f">
         <path>.\third_party\FreeRTOS\Source\portable\CCS\ARM_CM4F\</path>
         <kind>object</kind>
         <file>portasm.obj</file>
         <name>portasm.obj</name>
      </input_file>
      <input_file id="fl-10">
         <path>.\third_party\FreeRTOS\Source\portable\MemMang\</path>
         <kind>object</kind>
         <file>heap_2.obj</file>
         <name>heap_2.obj</name>
      </input_file>
      <input_file id="fl-11">
         <path>.\utils\</path>
         <kind>object</kind>
         <file>uartstdio.obj</file>
         <name>uartstdio.obj</name>
      </input_file>
      <input_file id="fl-12">
         <path>.\utils\</path>
         <kind>object</kind>
         <file>ustdlib.obj</file>
         <name>ustdlib.obj</name>
      </input_file>
      <input_file id="fl-17">
         <kind>object</kind>
         <file>&lt;internal&gt;</file>
         <name>&lt;internal&gt;</name>
      </input_file>
      <input_file id="fl-cd">
         <path>C:\ti\ccsv8\tools\compiler\ti-cgt-arm_18.1.1.LTS\lib\</path>
         <kind>archive</kind>
         <file>rtsv7M4_T_le_v4SPD16_eabi.lib</file>
         <name>u_divt2.asm.obj</name>
      </input_file>
      <input_file id="fl-ce">
         <path>C:\ti\ccsv8\tools\compiler\ti-cgt-arm_18.1.1.LTS\lib\</path>
         <kind>archive</kind>
         <file>rtsv7M4_T_le_v4SPD16_eabi.lib</file>
         <name>fd_add_t2.asm.obj</name>
      </input_file>
      <input_file id="fl-cf">
         <path>C:\ti\ccsv8\tools\compiler\ti-cgt-arm_18.1.1.LTS\lib\</path>
         <kind>archive</kind>
         <file>rtsv7M4_T_le_v4SPD16_eabi.lib</file>
         <name>fd_div_t2.asm.obj</name>
      </input_file>
      <input_file id="fl-d0">
         <path>C:\ti\ccsv8\tools\compiler\ti-cgt-arm_18.1.1.LTS\lib\</path>
         <kind>archive</kind>
         <file>rtsv7M4_T_le_v4SPD16_eabi.lib</file>
         <name>fd_mul_t2.asm.obj</name>
      </input_file>
      <input_file id="fl-d1">
         <path>C:\ti\ccsv8\tools\compiler\ti-cgt-arm_18.1.1.LTS\lib\</path>
         <kind>archive</kind>
         <file>rtsv7M4_T_le_v4SPD16_eabi.lib</file>
         <name>fs_toull_t2.asm.obj</name>
      </input_file>
      <input_file id="fl-d2">
         <path>C:\ti\ccsv8\tools\compiler\ti-cgt-arm_18.1.1.LTS\lib\</path>
         <kind>archive</kind>
         <file>rtsv7M4_T_le_v4SPD16_eabi.lib</file>
         <name>i_tofd_t2.asm.obj</name>
      </input_file>
      <input_file id="fl-d3">
         <path>C:\ti\ccsv8\tools\compiler\ti-cgt-arm_18.1.1.LTS\lib\</path>
         <kind>archive</kind>
         <file>rtsv7M4_T_le_v4SPD16_eabi.lib</file>
         <name>memcpy_t2.asm.obj</name>
      </input_file>
      <input_file id="fl-d4">
         <path>C:\ti\ccsv8\tools\compiler\ti-cgt-arm_18.1.1.LTS\lib\</path>
         <kind>archive</kind>
         <file>rtsv7M4_T_le_v4SPD16_eabi.lib</file>
         <name>memset_t2.asm.obj</name>
      </input_file>
      <input_file id="fl-d5">
         <path>C:\ti\ccsv8\tools\compiler\ti-cgt-arm_18.1.1.LTS\lib\</path>
         <kind>archive</kind>
         <file>rtsv7M4_T_le_v4SPD16_eabi.lib</file>
         <name>copy_zero_init.c.obj</name>
      </input_file>
      <input_file id="fl-d6">
         <path>C:\ti\ccsv8\tools\compiler\ti-cgt-arm_18.1.1.LTS\lib\</path>
         <kind>archive</kind>
         <file>rtsv7M4_T_le_v4SPD16_eabi.lib</file>
         <name>copy_decompress_none.c.obj</name>
      </input_file>
      <input_file id="fl-d7">
         <path>C:\ti\ccsv8\tools\compiler\ti-cgt-arm_18.1.1.LTS\lib\</path>
         <kind>archive</kind>
         <file>rtsv7M4_T_le_v4SPD16_eabi.lib</file>
         <name>copy_decompress_lzss.c.obj</name>
      </input_file>
      <input_file id="fl-d8">
         <path>C:\ti\ccsv8\tools\compiler\ti-cgt-arm_18.1.1.LTS\lib\</path>
         <kind>archive</kind>
         <file>rtsv7M4_T_le_v4SPD16_eabi.lib</file>
         <name>boot_cortex_m.c.obj</name>
      </input_file>
      <input_file id="fl-d9">
         <path>C:\ti\ccsv8\tools\compiler\ti-cgt-arm_18.1.1.LTS\lib\</path>
         <kind>archive</kind>
         <file>rtsv7M4_T_le_v4SPD16_eabi.lib</file>
         <name>exit.c.obj</name>
      </input_file>
      <input_file id="fl-da">
         <path>C:\ti\ccsv8\tools\compiler\ti-cgt-arm_18.1.1.LTS\lib\</path>
         <kind>archive</kind>
         <file>rtsv7M4_T_le_v4SPD16_eabi.lib</file>
         <name>_lock.c.obj</name>
      </input_file>
      <input_file id="fl-db">
         <path>C:\ti\ccsv8\tools\compiler\ti-cgt-arm_18.1.1.LTS\lib\</path>
         <kind>archive</kind>
         <file>rtsv7M4_T_le_v4SPD16_eabi.lib</file>
         <name>args_main.c.obj</name>
      </input_file>
      <input_file id="fl-dc">
         <path>C:\ti\ccsv8\tools\compiler\ti-cgt-arm_18.1.1.LTS\lib\</path>
         <kind>archive</kind>
         <file>rtsv7M4_T_le_v4SPD16_eabi.lib</file>
         <name>div0.asm.obj</name>
      </input_file>
      <input_file id="fl-dd">
         <path>C:\ti\ccsv8\tools\compiler\ti-cgt-arm_18.1.1.LTS\lib\</path>
         <kind>archive</kind>
         <file>rtsv7M4_T_le_v4SPD16_eabi.lib</file>
         <name>autoinit.c.obj</name>
      </input_file>
      <input_file id="fl-de">
         <path>C:\ti\ccsv8\tools\compiler\ti-cgt-arm_18.1.1.LTS\lib\</path>
         <kind>archive</kind>
         <file>rtsv7M4_T_le_v4SPD16_eabi.lib</file>
         <name>pre_init.c.obj</name>
      </input_file>
      <input_file id="fl-df">
         <path>C:\ti\ccsv8\tools\compiler\ti-cgt-arm_18.1.1.LTS\lib\</path>
         <kind>archive</kind>
         <file>rtsv7M4_T_le_v4SPD16_eabi.lib</file>
         <name>cpy_tbl.c.obj</name>
      </input_file>
      <input_file id="fl-e0">
         <path>C:\ti\TivaWare_C_Series-2.1.4.178\driverlib\ccs\Debug\</path>
         <kind>archive</kind>
         <file>driverlib.lib</file>
         <name>gpio.obj</name>
      </input_file>
      <input_file id="fl-e1">
         <path>C:\ti\TivaWare_C_Series-2.1.4.178\driverlib\ccs\Debug\</path>
         <kind>archive</kind>
         <file>driverlib.lib</file>
         <name>i2c.obj</name>
      </input_file>
      <input_file id="fl-e2">
         <path>C:\ti\TivaWare_C_Series-2.1.4.178\driverlib\ccs\Debug\</path>
         <kind>archive</kind>
         <file>driverlib.lib</file>
         <name>interrupt.obj</name>
      </input_file>
      <input_file id="fl-e3">
         <path>C:\ti\TivaWare_C_Series-2.1.4.178\driverlib\ccs\Debug\</path>
         <kind>archive</kind>
         <file>driverlib.lib</file>
         <name>sysctl.obj</name>
      </input_file>
      <input_file id="fl-e4">
         <path>C:\ti\TivaWare_C_Series-2.1.4.178\driverlib\ccs\Debug\</path>
         <kind>archive</kind>
         <file>driverlib.lib</file>
         <name>uart.obj</name>
      </input_file>
      <input_file id="fl-e5">
         <path>C:\ti\TivaWare_C_Series-2.1.4.178\driverlib\ccs\Debug\</path>
         <kind>archive</kind>
         <file>driverlib.lib</file>
         <name>cpu.obj</name>
      </input_file>
   </input_file_list>
   <object_component_list>
      <object_component id="oc-f">
         <name>.intvecs</name>
         <load_address>0x0</load_address>
         <run_address>0x0</run_address>
         <size>0x26c</size>
         <input_file_ref idref="fl-5"/>
      </object_component>
      <object_component id="oc-241">
         <name>.text:SysCtlClockFreqSet</name>
         <load_address>0x26c</load_address>
         <run_address>0x26c</run_address>
         <size>0x200</size>
         <input_file_ref idref="fl-e3"/>
      </object_component>
      <object_component id="oc-1d3">
         <name>.text:UARTvprintf</name>
         <load_address>0x46c</load_address>
         <run_address>0x46c</run_address>
         <size>0x1ea</size>
         <input_file_ref idref="fl-11"/>
      </object_component>
      <object_component id="oc-386">
         <name>.text:GPIOPadConfigSet</name>
         <load_address>0x656</load_address>
         <run_address>0x656</run_address>
         <size>0x132</size>
         <input_file_ref idref="fl-e0"/>
      </object_component>
      <object_component id="oc-138">
         <name>.text:I2CTaskInit</name>
         <load_address>0x788</load_address>
         <run_address>0x788</run_address>
         <size>0x128</size>
         <input_file_ref idref="fl-3"/>
      </object_component>
      <object_component id="oc-27a">
         <name>.text:SwitchTask</name>
         <load_address>0x8b0</load_address>
         <run_address>0x8b0</run_address>
         <size>0x120</size>
         <input_file_ref idref="fl-6"/>
      </object_component>
      <object_component id="oc-21c">
         <name>.text:LEDTask</name>
         <load_address>0x9d0</load_address>
         <run_address>0x9d0</run_address>
         <size>0x11c</size>
         <input_file_ref idref="fl-4"/>
      </object_component>
      <object_component id="oc-365">
         <name>.text:xQueueGenericReceive</name>
         <load_address>0xaec</load_address>
         <run_address>0xaec</run_address>
         <size>0x118</size>
         <input_file_ref idref="fl-c"/>
      </object_component>
      <object_component id="oc-1f5">
         <name>.text:RGBInit</name>
         <load_address>0xc04</load_address>
         <run_address>0xc04</run_address>
         <size>0x104</size>
         <input_file_ref idref="fl-a"/>
      </object_component>
      <object_component id="oc-98">
         <name>.text:xTaskIncrementTick</name>
         <load_address>0xd08</load_address>
         <run_address>0xd08</run_address>
         <size>0x104</size>
         <input_file_ref idref="fl-d"/>
      </object_component>
      <object_component id="oc-20d">
         <name>.text:xTaskGenericCreate</name>
         <load_address>0xe0c</load_address>
         <run_address>0xe0c</run_address>
         <size>0x100</size>
         <input_file_ref idref="fl-d"/>
      </object_component>
      <object_component id="oc-1ec">
         <name>.text:xQueueGenericSend</name>
         <load_address>0xf0c</load_address>
         <run_address>0xf0c</run_address>
         <size>0xe8</size>
         <input_file_ref idref="fl-c"/>
      </object_component>
      <object_component id="oc-2d9">
         <name>.text:xTaskResumeAll</name>
         <load_address>0xff4</load_address>
         <run_address>0xff4</run_address>
         <size>0xe4</size>
         <input_file_ref idref="fl-d"/>
      </object_component>
      <object_component id="oc-3c">
         <name>.text</name>
         <load_address>0x10d8</load_address>
         <run_address>0x10d8</run_address>
         <size>0xd2</size>
         <input_file_ref idref="fl-f"/>
      </object_component>
      <object_component id="oc-30">
         <name>.text:FaultISR</name>
         <load_address>0x11aa</load_address>
         <run_address>0x11aa</run_address>
         <size>0x2</size>
         <input_file_ref idref="fl-5"/>
      </object_component>
      <object_component id="oc-132">
         <name>.text:LEDTaskInit</name>
         <load_address>0x11ac</load_address>
         <run_address>0x11ac</run_address>
         <size>0xc8</size>
         <input_file_ref idref="fl-4"/>
      </object_component>
      <object_component id="oc-329">
         <name>.text:RGBEnable</name>
         <load_address>0x1274</load_address>
         <run_address>0x1274</run_address>
         <size>0xc0</size>
         <input_file_ref idref="fl-a"/>
      </object_component>
      <object_component id="oc-1e0">
         <name>.text:pvPortMalloc</name>
         <load_address>0x1334</load_address>
         <run_address>0x1334</run_address>
         <size>0xac</size>
         <input_file_ref idref="fl-10"/>
      </object_component>
      <object_component id="oc-55">
         <name>.text</name>
         <load_address>0x13e0</load_address>
         <run_address>0x13e0</run_address>
         <size>0x9c</size>
         <input_file_ref idref="fl-d3"/>
      </object_component>
      <object_component id="oc-201">
         <name>.text:RGBColorSet</name>
         <load_address>0x147c</load_address>
         <run_address>0x147c</run_address>
         <size>0x90</size>
         <input_file_ref idref="fl-a"/>
      </object_component>
      <object_component id="oc-474">
         <name>.text:vTaskPriorityInherit</name>
         <load_address>0x150c</load_address>
         <run_address>0x150c</run_address>
         <size>0x90</size>
         <input_file_ref idref="fl-d"/>
      </object_component>
      <object_component id="oc-91">
         <name>.text:vTaskSwitchContext</name>
         <load_address>0x159c</load_address>
         <run_address>0x159c</run_address>
         <size>0x8c</size>
         <input_file_ref idref="fl-d"/>
      </object_component>
      <object_component id="oc-3c4">
         <name>.text:ButtonsPoll</name>
         <load_address>0x1628</load_address>
         <run_address>0x1628</run_address>
         <size>0x88</size>
         <input_file_ref idref="fl-9"/>
      </object_component>
      <object_component id="oc-36b">
         <name>.text:vTaskDelayUntil</name>
         <load_address>0x16b0</load_address>
         <run_address>0x16b0</run_address>
         <size>0x84</size>
         <input_file_ref idref="fl-d"/>
      </object_component>
      <object_component id="oc-339">
         <name>.text:xQueueGenericReset</name>
         <load_address>0x1734</load_address>
         <run_address>0x1734</run_address>
         <size>0x84</size>
         <input_file_ref idref="fl-c"/>
      </object_component>
      <object_component id="oc-cc">
         <name>.text:main</name>
         <load_address>0x17b8</load_address>
         <run_address>0x17b8</run_address>
         <size>0x7c</size>
         <input_file_ref idref="fl-2"/>
      </object_component>
      <object_component id="oc-c0">
         <name>.text</name>
         <load_address>0x1834</load_address>
         <run_address>0x1834</run_address>
         <size>0x7a</size>
         <input_file_ref idref="fl-d4"/>
      </object_component>
      <object_component id="oc-36">
         <name>.text:IntDefaultHandler</name>
         <load_address>0x18ae</load_address>
         <run_address>0x18ae</run_address>
         <size>0x2</size>
         <input_file_ref idref="fl-5"/>
      </object_component>
      <object_component id="oc-43e">
         <name>.text:xTaskPriorityDisinherit</name>
         <load_address>0x18b0</load_address>
         <run_address>0x18b0</run_address>
         <size>0x78</size>
         <input_file_ref idref="fl-d"/>
      </object_component>
      <object_component id="oc-31b">
         <name>.text:xTaskRemoveFromEventList</name>
         <load_address>0x1928</load_address>
         <run_address>0x1928</run_address>
         <size>0x74</size>
         <input_file_ref idref="fl-d"/>
      </object_component>
      <object_component id="oc-315">
         <name>.text:prvCopyDataToQueue</name>
         <load_address>0x199c</load_address>
         <run_address>0x199c</run_address>
         <size>0x72</size>
         <input_file_ref idref="fl-c"/>
      </object_component>
      <object_component id="oc-2a">
         <name>.text:NmiSR</name>
         <load_address>0x1a0e</load_address>
         <run_address>0x1a0e</run_address>
         <size>0x2</size>
         <input_file_ref idref="fl-5"/>
      </object_component>
      <object_component id="oc-274">
         <name>.text:ButtonsInit</name>
         <load_address>0x1a10</load_address>
         <run_address>0x1a10</run_address>
         <size>0x68</size>
         <input_file_ref idref="fl-9"/>
      </object_component>
      <object_component id="oc-25f">
         <name>.text:IntEnable</name>
         <load_address>0x1a78</load_address>
         <run_address>0x1a78</run_address>
         <size>0x68</size>
         <input_file_ref idref="fl-e2"/>
      </object_component>
      <object_component id="oc-371">
         <name>.text:RGBDisable</name>
         <load_address>0x1ae0</load_address>
         <run_address>0x1ae0</run_address>
         <size>0x68</size>
         <input_file_ref idref="fl-a"/>
      </object_component>
      <object_component id="oc-12">
         <name>.text:decompress:lzss:__TI_decompress_lzss</name>
         <load_address>0x1b48</load_address>
         <run_address>0x1b48</run_address>
         <size>0x68</size>
         <input_file_ref idref="fl-d7"/>
      </object_component>
      <object_component id="oc-120">
         <name>.text:ConfigureUART</name>
         <load_address>0x1bb0</load_address>
         <run_address>0x1bb0</run_address>
         <size>0x64</size>
         <input_file_ref idref="fl-2"/>
      </object_component>
      <object_component id="oc-30f">
         <name>.text:vTaskPlaceOnEventList</name>
         <load_address>0x1c14</load_address>
         <run_address>0x1c14</run_address>
         <size>0x64</size>
         <input_file_ref idref="fl-d"/>
      </object_component>
      <object_component id="oc-303">
         <name>.text:prvUnlockQueue</name>
         <load_address>0x1c78</load_address>
         <run_address>0x1c78</run_address>
         <size>0x62</size>
         <input_file_ref idref="fl-c"/>
      </object_component>
      <object_component id="oc-406">
         <name>.text</name>
         <load_address>0x1cda</load_address>
         <run_address>0x1cda</run_address>
         <size>0x2</size>
         <input_file_ref idref="fl-dc"/>
      </object_component>
      <object_component id="oc-1cc">
         <name>.text:UARTStdioConfig</name>
         <load_address>0x1cdc</load_address>
         <run_address>0x1cdc</run_address>
         <size>0x60</size>
         <input_file_ref idref="fl-11"/>
      </object_component>
      <object_component id="oc-352">
         <name>.text:prvInitialiseTaskLists</name>
         <load_address>0x1d3c</load_address>
         <run_address>0x1d3c</run_address>
         <size>0x60</size>
         <input_file_ref idref="fl-d"/>
      </object_component>
      <object_component id="oc-144">
         <name>.text:vTaskStartScheduler</name>
         <load_address>0x1d9c</load_address>
         <run_address>0x1d9c</run_address>
         <size>0x60</size>
         <input_file_ref idref="fl-d"/>
      </object_component>
      <object_component id="oc-3b6">
         <name>.text:vTaskDelay</name>
         <load_address>0x1dfc</load_address>
         <run_address>0x1dfc</run_address>
         <size>0x5c</size>
         <input_file_ref idref="fl-d"/>
      </object_component>
      <object_component id="oc-3d3">
         <name>.text:prvCheckTasksWaitingTermination</name>
         <load_address>0x1e58</load_address>
         <run_address>0x1e58</run_address>
         <size>0x58</size>
         <input_file_ref idref="fl-d"/>
      </object_component>
      <object_component id="oc-346">
         <name>.text:prvInitialiseTCBVariables</name>
         <load_address>0x1eb0</load_address>
         <run_address>0x1eb0</run_address>
         <size>0x56</size>
         <input_file_ref idref="fl-d"/>
      </object_component>
      <object_component id="oc-e9">
         <name>.text:vApplicationStackOverflowHook</name>
         <load_address>0x1f06</load_address>
         <run_address>0x1f06</run_address>
         <size>0x2</size>
         <input_file_ref idref="fl-2"/>
      </object_component>
      <object_component id="oc-2fd">
         <name>.text:xTaskCheckForTimeOut</name>
         <load_address>0x1f08</load_address>
         <run_address>0x1f08</run_address>
         <size>0x54</size>
         <input_file_ref idref="fl-d"/>
      </object_component>
      <object_component id="oc-24d">
         <name>.text:SysCtlPeripheralReset</name>
         <load_address>0x1f5c</load_address>
         <run_address>0x1f5c</run_address>
         <size>0x50</size>
         <input_file_ref idref="fl-e3"/>
      </object_component>
      <object_component id="oc-22f">
         <name>.text:GPIOPinConfigure</name>
         <load_address>0x1fac</load_address>
         <run_address>0x1fac</run_address>
         <size>0x4c</size>
         <input_file_ref idref="fl-e0"/>
      </object_component>
      <object_component id="oc-253">
         <name>.text:I2CMasterInitExpClk</name>
         <load_address>0x1ff8</load_address>
         <run_address>0x1ff8</run_address>
         <size>0x4c</size>
         <input_file_ref idref="fl-e1"/>
      </object_component>
      <object_component id="oc-434">
         <name>.text:prvAddCurrentTaskToDelayedList</name>
         <load_address>0x2044</load_address>
         <run_address>0x2044</run_address>
         <size>0x4c</size>
         <input_file_ref idref="fl-d"/>
      </object_component>
      <object_component id="oc-12c">
         <name>.text:xQueueCreateMutex</name>
         <load_address>0x2090</load_address>
         <run_address>0x2090</run_address>
         <size>0x4c</size>
         <input_file_ref idref="fl-c"/>
      </object_component>
      <object_component id="oc-13e">
         <name>.text:SwitchTaskInit</name>
         <load_address>0x20dc</load_address>
         <run_address>0x20dc</run_address>
         <size>0x48</size>
         <input_file_ref idref="fl-6"/>
      </object_component>
      <object_component id="oc-2bf">
         <name>.text:UARTwrite</name>
         <load_address>0x2124</load_address>
         <run_address>0x2124</run_address>
         <size>0x48</size>
         <input_file_ref idref="fl-11"/>
      </object_component>
      <object_component id="oc-394">
         <name>.text:_SysCtlFrequencyGet</name>
         <load_address>0x216c</load_address>
         <run_address>0x216c</run_address>
         <size>0x48</size>
         <input_file_ref idref="fl-e3"/>
      </object_component>
      <object_component id="oc-158">
         <name>.text:__TI_auto_init_nobinit_nopinit:__TI_auto_init_nobinit_nopinit</name>
         <load_address>0x21b4</load_address>
         <run_address>0x21b4</run_address>
         <size>0x44</size>
         <input_file_ref idref="fl-dd"/>
      </object_component>
      <object_component id="oc-44e">
         <name>.text:vPortFree</name>
         <load_address>0x21f8</load_address>
         <run_address>0x21f8</run_address>
         <size>0x44</size>
         <input_file_ref idref="fl-10"/>
      </object_component>
      <object_component id="oc-2c5">
         <name>.text</name>
         <load_address>0x223c</load_address>
         <run_address>0x223c</run_address>
         <size>0x40</size>
         <input_file_ref idref="fl-cd"/>
      </object_component>
      <object_component id="oc-281">
         <name>.text:xPortStartScheduler</name>
         <load_address>0x227c</load_address>
         <run_address>0x227c</run_address>
         <size>0x40</size>
         <input_file_ref idref="fl-e"/>
      </object_component>
      <object_component id="oc-268">
         <name>.text:I2CTask</name>
         <load_address>0x22bc</load_address>
         <run_address>0x22bc</run_address>
         <size>0x3c</size>
         <input_file_ref idref="fl-3"/>
      </object_component>
      <object_component id="oc-207">
         <name>.text:xQueueGenericCreate</name>
         <load_address>0x22f8</load_address>
         <run_address>0x22f8</run_address>
         <size>0x3c</size>
         <input_file_ref idref="fl-c"/>
      </object_component>
      <object_component id="oc-340">
         <name>.text:prvAllocateTCBAndStack</name>
         <load_address>0x2334</load_address>
         <run_address>0x2334</run_address>
         <size>0x3a</size>
         <input_file_ref idref="fl-d"/>
      </object_component>
      <object_component id="oc-229">
         <name>.text:SysCtlPeripheralReady</name>
         <load_address>0x2370</load_address>
         <run_address>0x2370</run_address>
         <size>0x38</size>
         <input_file_ref idref="fl-e3"/>
      </object_component>
      <object_component id="oc-73">
         <name>.text:_c_int00_noargs:_c_int00_noargs</name>
         <load_address>0x23a8</load_address>
         <run_address>0x23a8</run_address>
         <size>0x38</size>
         <input_file_ref idref="fl-d8"/>
      </object_component>
      <object_component id="oc-42e">
         <name>.text:vListInsert</name>
         <load_address>0x23e0</load_address>
         <run_address>0x23e0</run_address>
         <size>0x38</size>
         <input_file_ref idref="fl-b"/>
      </object_component>
      <object_component id="oc-247">
         <name>.text:SysCtlPeripheralDisable</name>
         <load_address>0x2418</load_address>
         <run_address>0x2418</run_address>
         <size>0x34</size>
         <input_file_ref idref="fl-e3"/>
      </object_component>
      <object_component id="oc-223">
         <name>.text:SysCtlPeripheralEnable</name>
         <load_address>0x244c</load_address>
         <run_address>0x244c</run_address>
         <size>0x34</size>
         <input_file_ref idref="fl-e3"/>
      </object_component>
      <object_component id="oc-2d3">
         <name>.text:prvHeapInit</name>
         <load_address>0x2480</load_address>
         <run_address>0x2480</run_address>
         <size>0x30</size>
         <input_file_ref idref="fl-10"/>
      </object_component>
      <object_component id="oc-380">
         <name>.text:GPIODirModeSet</name>
         <load_address>0x24b0</load_address>
         <run_address>0x24b0</run_address>
         <size>0x2c</size>
         <input_file_ref idref="fl-e0"/>
      </object_component>
      <object_component id="oc-41">
         <name>.text:xPortSysTickHandler</name>
         <load_address>0x24dc</load_address>
         <run_address>0x24dc</run_address>
         <size>0x2c</size>
         <input_file_ref idref="fl-e"/>
      </object_component>
      <object_component id="oc-f3">
         <name>.text:prvResetNextTaskUnblockTime</name>
         <load_address>0x2508</load_address>
         <run_address>0x2508</run_address>
         <size>0x28</size>
         <input_file_ref idref="fl-d"/>
      </object_component>
      <object_component id="oc-34c">
         <name>.text:pxPortInitialiseStack</name>
         <load_address>0x2530</load_address>
         <run_address>0x2530</run_address>
         <size>0x28</size>
         <input_file_ref idref="fl-e"/>
      </object_component>
      <object_component id="oc-47a">
         <name>.text:prvCopyDataFromQueue</name>
         <load_address>0x2558</load_address>
         <run_address>0x2558</run_address>
         <size>0x26</size>
         <input_file_ref idref="fl-c"/>
      </object_component>
      <object_component id="oc-38e">
         <name>.text:_SysCtlMemTimingGet</name>
         <load_address>0x2580</load_address>
         <run_address>0x2580</run_address>
         <size>0x20</size>
         <input_file_ref idref="fl-e3"/>
      </object_component>
      <object_component id="oc-f9">
         <name>.text:uxListRemove</name>
         <load_address>0x25a0</load_address>
         <run_address>0x25a0</run_address>
         <size>0x20</size>
         <input_file_ref idref="fl-b"/>
      </object_component>
      <object_component id="oc-309">
         <name>.text:prvIsQueueFull</name>
         <load_address>0x25c0</load_address>
         <run_address>0x25c0</run_address>
         <size>0x1c</size>
         <input_file_ref idref="fl-c"/>
      </object_component>
      <object_component id="oc-2f7">
         <name>.text:vPortEnterCritical</name>
         <load_address>0x25dc</load_address>
         <run_address>0x25dc</run_address>
         <size>0x1c</size>
         <input_file_ref idref="fl-e"/>
      </object_component>
      <object_component id="oc-126">
         <name>.text:UARTprintf</name>
         <load_address>0x25f8</load_address>
         <run_address>0x25f8</run_address>
         <size>0x1a</size>
         <input_file_ref idref="fl-11"/>
      </object_component>
      <object_component id="oc-46e">
         <name>.text:prvIsQueueEmpty</name>
         <load_address>0x2612</load_address>
         <run_address>0x2612</run_address>
         <size>0x1a</size>
         <input_file_ref idref="fl-c"/>
      </object_component>
      <object_component id="oc-480">
         <name>.text:pvTaskIncrementMutexHeldCount</name>
         <load_address>0x262c</load_address>
         <run_address>0x262c</run_address>
         <size>0x18</size>
         <input_file_ref idref="fl-d"/>
      </object_component>
      <object_component id="oc-ff">
         <name>.text:vListInsertEnd</name>
         <load_address>0x2644</load_address>
         <run_address>0x2644</run_address>
         <size>0x18</size>
         <input_file_ref idref="fl-b"/>
      </object_component>
      <object_component id="oc-2f1">
         <name>.text:vPortExitCritical</name>
         <load_address>0x265c</load_address>
         <run_address>0x265c</run_address>
         <size>0x18</size>
         <input_file_ref idref="fl-e"/>
      </object_component>
      <object_component id="oc-2eb">
         <name>.text:vTaskSetTimeOutState</name>
         <load_address>0x2674</load_address>
         <run_address>0x2674</run_address>
         <size>0x18</size>
         <input_file_ref idref="fl-d"/>
      </object_component>
      <object_component id="oc-235">
         <name>.text:GPIOPinTypeI2C</name>
         <load_address>0x268c</load_address>
         <run_address>0x268c</run_address>
         <size>0x16</size>
         <input_file_ref idref="fl-e0"/>
      </object_component>
      <object_component id="oc-23b">
         <name>.text:GPIOPinTypeI2CSCL</name>
         <load_address>0x26a2</load_address>
         <run_address>0x26a2</run_address>
         <size>0x16</size>
         <input_file_ref idref="fl-e0"/>
      </object_component>
      <object_component id="oc-1e6">
         <name>.text:vListInitialise</name>
         <load_address>0x26b8</load_address>
         <run_address>0x26b8</run_address>
         <size>0x16</size>
         <input_file_ref idref="fl-b"/>
      </object_component>
      <object_component id="oc-1fb">
         <name>.text:RGBIntensitySet</name>
         <load_address>0x26d0</load_address>
         <run_address>0x26d0</run_address>
         <size>0x14</size>
         <input_file_ref idref="fl-a"/>
      </object_component>
      <object_component id="oc-3c9">
         <name>.text:vPortSetupTimerInterrupt</name>
         <load_address>0x26e4</load_address>
         <run_address>0x26e4</run_address>
         <size>0x14</size>
         <input_file_ref idref="fl-e"/>
      </object_component>
      <object_component id="oc-4b6">
         <name>.text:prvDeleteTCB</name>
         <load_address>0x26f8</load_address>
         <run_address>0x26f8</run_address>
         <size>0x12</size>
         <input_file_ref idref="fl-d"/>
      </object_component>
      <object_component id="oc-45c">
         <name>.text:prvTaskExitError</name>
         <load_address>0x270a</load_address>
         <run_address>0x270a</run_address>
         <size>0x10</size>
         <input_file_ref idref="fl-e"/>
      </object_component>
      <object_component id="oc-2cd">
         <name>.text:vTaskSuspendAll</name>
         <load_address>0x271c</load_address>
         <run_address>0x271c</run_address>
         <size>0x10</size>
         <input_file_ref idref="fl-d"/>
      </object_component>
      <object_component id="oc-18">
         <name>.text:decompress:none:__TI_decompress_none</name>
         <load_address>0x272c</load_address>
         <run_address>0x272c</run_address>
         <size>0xe</size>
         <input_file_ref idref="fl-d6"/>
      </object_component>
      <object_component id="oc-67">
         <name>.text:decompress:ZI:__TI_zero_init</name>
         <load_address>0x273a</load_address>
         <run_address>0x273a</run_address>
         <size>0xc</size>
         <input_file_ref idref="fl-d5"/>
      </object_component>
      <object_component id="oc-426">
         <name>.text:vTaskMissedYield</name>
         <load_address>0x2748</load_address>
         <run_address>0x2748</run_address>
         <size>0xc</size>
         <input_file_ref idref="fl-d"/>
      </object_component>
      <object_component id="oc-35f">
         <name>.text:xTaskGetTickCount</name>
         <load_address>0x2754</load_address>
         <run_address>0x2754</run_address>
         <size>0xc</size>
         <input_file_ref idref="fl-d"/>
      </object_component>
      <object_component id="oc-3a6">
         <name>.text:I2CMasterEnable</name>
         <load_address>0x2760</load_address>
         <run_address>0x2760</run_address>
         <size>0xa</size>
         <input_file_ref idref="fl-e1"/>
      </object_component>
      <object_component id="oc-259">
         <name>.text:I2CMasterIntEnableEx</name>
         <load_address>0x276a</load_address>
         <run_address>0x276a</run_address>
         <size>0x8</size>
         <input_file_ref idref="fl-e1"/>
      </object_component>
      <object_component id="oc-287">
         <name>.text:prvIdleTask</name>
         <load_address>0x2772</load_address>
         <run_address>0x2772</run_address>
         <size>0x8</size>
         <input_file_ref idref="fl-d"/>
      </object_component>
      <object_component id="oc-24">
         <name>.text:ResetISR</name>
         <load_address>0x277a</load_address>
         <run_address>0x277a</run_address>
         <size>0x6</size>
         <input_file_ref idref="fl-5"/>
      </object_component>
      <object_component id="oc-1c6">
         <name>.text:UARTClockSourceSet</name>
         <load_address>0x2780</load_address>
         <run_address>0x2780</run_address>
         <size>0x6</size>
         <input_file_ref idref="fl-e4"/>
      </object_component>
      <object_component id="oc-455">
         <name>.text:vListInitialiseItem</name>
         <load_address>0x2786</load_address>
         <run_address>0x2786</run_address>
         <size>0x6</size>
         <input_file_ref idref="fl-b"/>
      </object_component>
      <object_component id="oc-c6">
         <name>.text:_system_pre_init</name>
         <load_address>0x278c</load_address>
         <run_address>0x278c</run_address>
         <size>0x4</size>
         <input_file_ref idref="fl-de"/>
      </object_component>
      <object_component id="oc-14c">
         <name>.text:abort:abort</name>
         <load_address>0x2790</load_address>
         <run_address>0x2790</run_address>
         <size>0x4</size>
         <input_file_ref idref="fl-d9"/>
      </object_component>
      <object_component id="oc-39d">
         <name>.const:g_pppui32XTALtoVCO</name>
         <load_address>0x2794</load_address>
         <run_address>0x2794</run_address>
         <size>0x1b0</size>
         <input_file_ref idref="fl-e3"/>
      </object_component>
      <object_component id="oc-37b">
         <name>.const:g_pui32GPIOBaseAddrs</name>
         <load_address>0x2944</load_address>
         <run_address>0x2944</run_address>
         <size>0x90</size>
         <input_file_ref idref="fl-e0"/>
      </object_component>
      <object_component id="oc-39a">
         <name>.const:g_pui32Xtals</name>
         <load_address>0x29d4</load_address>
         <run_address>0x29d4</run_address>
         <size>0x6c</size>
         <input_file_ref idref="fl-e3"/>
      </object_component>
      <object_component id="oc-49a">
         <name>.const:g_sXTALtoMEMTIM</name>
         <load_address>0x2a40</load_address>
         <run_address>0x2a40</run_address>
         <size>0x30</size>
         <input_file_ref idref="fl-e3"/>
      </object_component>
      <object_component id="oc-3af">
         <name>.const:g_pui32EnRegs</name>
         <load_address>0x2a70</load_address>
         <run_address>0x2a70</run_address>
         <size>0x14</size>
         <input_file_ref idref="fl-e2"/>
      </object_component>
      <object_component id="oc-2b5">
         <name>.const:g_ui32UARTBase</name>
         <load_address>0x2a84</load_address>
         <run_address>0x2a84</run_address>
         <size>0xc</size>
         <input_file_ref idref="fl-11"/>
      </object_component>
      <object_component id="oc-2b2">
         <name>.const:g_ui32UARTPeriph</name>
         <load_address>0x2a90</load_address>
         <run_address>0x2a90</run_address>
         <size>0xc</size>
         <input_file_ref idref="fl-11"/>
      </object_component>
      <object_component id="oc-3a0">
         <name>.const:g_pui32VCOFrequencies</name>
         <load_address>0x2a9c</load_address>
         <run_address>0x2a9c</run_address>
         <size>0x8</size>
         <input_file_ref idref="fl-e3"/>
      </object_component>
      <object_component id="oc-8e">
         <name>.const</name>
         <load_address>0x2aa4</load_address>
         <run_address>0x2aa4</run_address>
         <size>0x4</size>
         <input_file_ref idref="fl-e"/>
      </object_component>
      <object_component id="oc-512">
         <name>.cinit..data.load</name>
         <load_address>0x2aa8</load_address>
         <run_address>0x2aa8</run_address>
         <size>0x17</size>
      </object_component>
      <object_component id="oc-510">
         <name>__TI_handler_table</name>
         <load_address>0x2ac0</load_address>
         <run_address>0x2ac0</run_address>
         <size>0xc</size>
      </object_component>
      <object_component id="oc-513">
         <name>.cinit..bss.load</name>
         <load_address>0x2ad0</load_address>
         <run_address>0x2ad0</run_address>
         <size>0x8</size>
      </object_component>
      <object_component id="oc-511">
         <name>__TI_cinit_table</name>
         <load_address>0x2ad8</load_address>
         <run_address>0x2ad8</run_address>
         <size>0x10</size>
      </object_component>
      <object_component id="oc-216">
         <name>.data:g_pui32Colors</name>
         <load_address>0x20007938</load_address>
         <run_address>0x20007938</run_address>
         <size>0xc</size>
         <input_file_ref idref="fl-4"/>
      </object_component>
      <object_component id="oc-3bd">
         <name>.data</name>
         <load_address>0x20007951</load_address>
         <run_address>0x20007951</run_address>
         <size>0x3</size>
         <input_file_ref idref="fl-9"/>
      </object_component>
      <object_component id="oc-331">
         <name>.data</name>
         <load_address>0x20007958</load_address>
         <run_address>0x20007958</run_address>
         <size>0x4</size>
         <input_file_ref idref="fl-a"/>
      </object_component>
      <object_component id="oc-8b">
         <name>.data</name>
         <load_address>0x20007908</load_address>
         <run_address>0x20007908</run_address>
         <size>0x30</size>
         <input_file_ref idref="fl-d"/>
      </object_component>
      <object_component id="oc-3cf">
         <name>.data</name>
         <load_address>0x20007954</load_address>
         <run_address>0x20007954</run_address>
         <size>0x4</size>
         <input_file_ref idref="fl-e"/>
      </object_component>
      <object_component id="oc-2df">
         <name>.data</name>
         <load_address>0x20007944</load_address>
         <run_address>0x20007944</run_address>
         <size>0x8</size>
         <input_file_ref idref="fl-10"/>
      </object_component>
      <object_component id="oc-2b8">
         <name>.data</name>
         <load_address>0x2000794c</load_address>
         <run_address>0x2000794c</run_address>
         <size>0x5</size>
         <input_file_ref idref="fl-11"/>
      </object_component>
      <object_component id="oc-213">
         <name>.bss</name>
         <uninitialized>true</uninitialized>
         <run_address>0x20007704</run_address>
         <size>0x1</size>
         <input_file_ref idref="fl-4"/>
      </object_component>
      <object_component id="oc-334">
         <name>.bss:g_ui32Colors</name>
         <uninitialized>true</uninitialized>
         <run_address>0x200076d4</run_address>
         <size>0xc</size>
         <input_file_ref idref="fl-a"/>
      </object_component>
      <object_component id="oc-ef">
         <name>.bss:pxReadyTasksLists</name>
         <uninitialized>true</uninitialized>
         <run_address>0x20007530</run_address>
         <size>0x140</size>
         <input_file_ref idref="fl-d"/>
      </object_component>
      <object_component id="oc-463">
         <name>.bss:xDelayedTaskList1</name>
         <uninitialized>true</uninitialized>
         <run_address>0x20007670</run_address>
         <size>0x14</size>
         <input_file_ref idref="fl-d"/>
      </object_component>
      <object_component id="oc-466">
         <name>.bss:xDelayedTaskList2</name>
         <uninitialized>true</uninitialized>
         <run_address>0x20007684</run_address>
         <size>0x14</size>
         <input_file_ref idref="fl-d"/>
      </object_component>
      <object_component id="oc-105">
         <name>.bss</name>
         <uninitialized>true</uninitialized>
         <run_address>0x200076e0</run_address>
         <size>0x8</size>
         <input_file_ref idref="fl-d"/>
      </object_component>
      <object_component id="oc-411">
         <name>.bss:xPendingReadyList</name>
         <uninitialized>true</uninitialized>
         <run_address>0x20007698</run_address>
         <size>0x14</size>
         <input_file_ref idref="fl-d"/>
      </object_component>
      <object_component id="oc-469">
         <name>.bss:xTasksWaitingTermination</name>
         <uninitialized>true</uninitialized>
         <run_address>0x200076c0</run_address>
         <size>0x14</size>
         <input_file_ref idref="fl-d"/>
      </object_component>
      <object_component id="oc-43a">
         <name>.bss:xSuspendedTaskList</name>
         <uninitialized>true</uninitialized>
         <run_address>0x200076ac</run_address>
         <size>0x14</size>
         <input_file_ref idref="fl-d"/>
      </object_component>
      <object_component id="oc-40d">
         <name>.bss:ucHeap</name>
         <uninitialized>true</uninitialized>
         <run_address>0x20000000</run_address>
         <size>0x7530</size>
         <input_file_ref idref="fl-10"/>
      </object_component>
      <object_component id="oc-2e2">
         <name>.bss:xStart</name>
         <uninitialized>true</uninitialized>
         <run_address>0x200076f0</run_address>
         <size>0x8</size>
         <input_file_ref idref="fl-10"/>
      </object_component>
      <object_component id="oc-2e5">
         <name>.bss:xEnd</name>
         <uninitialized>true</uninitialized>
         <run_address>0x200076e8</run_address>
         <size>0x8</size>
         <input_file_ref idref="fl-10"/>
      </object_component>
      <object_component id="oc-14a">
         <name>.common:g_pUARTSemaphore</name>
         <uninitialized>true</uninitialized>
         <run_address>0x20007700</run_address>
         <size>0x4</size>
      </object_component>
      <object_component id="oc-265">
         <name>.common:g_pI2CQueue</name>
         <uninitialized>true</uninitialized>
         <run_address>0x200076f8</run_address>
         <size>0x4</size>
      </object_component>
      <object_component id="oc-219">
         <name>.common:g_pLEDQueue</name>
         <uninitialized>true</uninitialized>
         <run_address>0x200076fc</run_address>
         <size>0x4</size>
      </object_component>
      <object_component id="oc-21">
         <name>.stack</name>
         <uninitialized>true</uninitialized>
         <run_address>0x20007708</run_address>
         <size>0x4</size>
         <input_file_ref idref="fl-d8"/>
      </object_component>
      <object_component id="oc-514">
         <name>.stack</name>
         <uninitialized>true</uninitialized>
         <run_address>0x20007708</run_address>
         <size>0x0</size>
      </object_component>
      <object_component id="oc-10e">
         <name>.debug_info</name>
         <load_address>0x0</load_address>
         <run_address>0x0</run_address>
         <size>0x4c7</size>
         <input_file_ref idref="fl-2"/>
      </object_component>
      <object_component id="oc-eb">
         <name>.debug_info</name>
         <load_address>0x4c7</load_address>
         <run_address>0x4c7</run_address>
         <size>0x181</size>
         <input_file_ref idref="fl-2"/>
      </object_component>
      <object_component id="oc-122">
         <name>.debug_info</name>
         <load_address>0x648</load_address>
         <run_address>0x648</run_address>
         <size>0x187</size>
         <input_file_ref idref="fl-2"/>
      </object_component>
      <object_component id="oc-cd">
         <name>.debug_info</name>
         <load_address>0x7cf</load_address>
         <run_address>0x7cf</run_address>
         <size>0x1b8</size>
         <input_file_ref idref="fl-2"/>
      </object_component>
      <object_component id="oc-191">
         <name>.debug_info</name>
         <load_address>0x987</load_address>
         <run_address>0x987</run_address>
         <size>0x2ef</size>
         <input_file_ref idref="fl-2"/>
      </object_component>
      <object_component id="oc-a1">
         <name>.debug_info</name>
         <load_address>0xc76</load_address>
         <run_address>0xc76</run_address>
         <size>0x26b</size>
         <input_file_ref idref="fl-2"/>
      </object_component>
      <object_component id="oc-50">
         <name>.debug_info</name>
         <load_address>0xee1</load_address>
         <run_address>0xee1</run_address>
         <size>0x84</size>
         <input_file_ref idref="fl-2"/>
      </object_component>
      <object_component id="oc-1c1">
         <name>.debug_info</name>
         <load_address>0xf65</load_address>
         <run_address>0xf65</run_address>
         <size>0x46</size>
         <input_file_ref idref="fl-2"/>
      </object_component>
      <object_component id="oc-1bc">
         <name>.debug_info</name>
         <load_address>0xfab</load_address>
         <run_address>0xfab</run_address>
         <size>0x2c</size>
         <input_file_ref idref="fl-2"/>
      </object_component>
      <object_component id="oc-196">
         <name>.debug_info</name>
         <load_address>0xfd7</load_address>
         <run_address>0xfd7</run_address>
         <size>0x2c</size>
         <input_file_ref idref="fl-2"/>
      </object_component>
      <object_component id="oc-109">
         <name>.debug_info</name>
         <load_address>0x1003</load_address>
         <run_address>0x1003</run_address>
         <size>0x297</size>
         <input_file_ref idref="fl-2"/>
      </object_component>
      <object_component id="oc-48f">
         <name>.debug_info</name>
         <load_address>0x129a</load_address>
         <run_address>0x129a</run_address>
         <size>0xef</size>
         <input_file_ref idref="fl-2"/>
      </object_component>
      <object_component id="oc-a6">
         <name>.debug_info</name>
         <load_address>0x1389</load_address>
         <run_address>0x1389</run_address>
         <size>0xbb</size>
         <input_file_ref idref="fl-2"/>
      </object_component>
      <object_component id="oc-1b7">
         <name>.debug_info</name>
         <load_address>0x1444</load_address>
         <run_address>0x1444</run_address>
         <size>0x944</size>
         <input_file_ref idref="fl-2"/>
      </object_component>
      <object_component id="oc-e1">
         <name>.debug_info</name>
         <load_address>0x1d88</load_address>
         <run_address>0x1d88</run_address>
         <size>0x53</size>
         <input_file_ref idref="fl-2"/>
      </object_component>
      <object_component id="oc-1db">
         <name>.debug_info</name>
         <load_address>0x1ddb</load_address>
         <run_address>0x1ddb</run_address>
         <size>0x2c</size>
         <input_file_ref idref="fl-2"/>
      </object_component>
      <object_component id="oc-1a0">
         <name>.debug_info</name>
         <load_address>0x1e07</load_address>
         <run_address>0x1e07</run_address>
         <size>0x14c</size>
         <input_file_ref idref="fl-2"/>
      </object_component>
      <object_component id="oc-266">
         <name>.debug_info</name>
         <load_address>0x1f53</load_address>
         <run_address>0x1f53</run_address>
         <size>0x6d8</size>
         <input_file_ref idref="fl-3"/>
      </object_component>
      <object_component id="oc-139">
         <name>.debug_info</name>
         <load_address>0x262b</load_address>
         <run_address>0x262b</run_address>
         <size>0x345</size>
         <input_file_ref idref="fl-3"/>
      </object_component>
      <object_component id="oc-269">
         <name>.debug_info</name>
         <load_address>0x2970</load_address>
         <run_address>0x2970</run_address>
         <size>0x17f</size>
         <input_file_ref idref="fl-3"/>
      </object_component>
      <object_component id="oc-26f">
         <name>.debug_info</name>
         <load_address>0x2aef</load_address>
         <run_address>0x2aef</run_address>
         <size>0x8b</size>
         <input_file_ref idref="fl-3"/>
      </object_component>
      <object_component id="oc-21a">
         <name>.debug_info</name>
         <load_address>0x2b7a</load_address>
         <run_address>0x2b7a</run_address>
         <size>0x60d</size>
         <input_file_ref idref="fl-4"/>
      </object_component>
      <object_component id="oc-217">
         <name>.debug_info</name>
         <load_address>0x3187</load_address>
         <run_address>0x3187</run_address>
         <size>0xf3</size>
         <input_file_ref idref="fl-4"/>
      </object_component>
      <object_component id="oc-214">
         <name>.debug_info</name>
         <load_address>0x327a</load_address>
         <run_address>0x327a</run_address>
         <size>0xf7</size>
         <input_file_ref idref="fl-4"/>
      </object_component>
      <object_component id="oc-135">
         <name>.debug_info</name>
         <load_address>0x3371</load_address>
         <run_address>0x3371</run_address>
         <size>0x1b1</size>
         <input_file_ref idref="fl-4"/>
      </object_component>
      <object_component id="oc-21f">
         <name>.debug_info</name>
         <load_address>0x3522</load_address>
         <run_address>0x3522</run_address>
         <size>0x2b9</size>
         <input_file_ref idref="fl-4"/>
      </object_component>
      <object_component id="oc-49">
         <name>.debug_info</name>
         <load_address>0x37db</load_address>
         <run_address>0x37db</run_address>
         <size>0x336</size>
         <input_file_ref idref="fl-5"/>
      </object_component>
      <object_component id="oc-10">
         <name>.debug_info</name>
         <load_address>0x3b11</load_address>
         <run_address>0x3b11</run_address>
         <size>0xf5</size>
         <input_file_ref idref="fl-5"/>
      </object_component>
      <object_component id="oc-28">
         <name>.debug_info</name>
         <load_address>0x3c06</load_address>
         <run_address>0x3c06</run_address>
         <size>0x125</size>
         <input_file_ref idref="fl-5"/>
      </object_component>
      <object_component id="oc-2e">
         <name>.debug_info</name>
         <load_address>0x3d2b</load_address>
         <run_address>0x3d2b</run_address>
         <size>0x116</size>
         <input_file_ref idref="fl-5"/>
      </object_component>
      <object_component id="oc-3a">
         <name>.debug_info</name>
         <load_address>0x3e41</load_address>
         <run_address>0x3e41</run_address>
         <size>0x12e</size>
         <input_file_ref idref="fl-5"/>
      </object_component>
      <object_component id="oc-33">
         <name>.debug_info</name>
         <load_address>0x3f6f</load_address>
         <run_address>0x3f6f</run_address>
         <size>0x11c</size>
         <input_file_ref idref="fl-5"/>
      </object_component>
      <object_component id="oc-3c8">
         <name>.debug_info</name>
         <load_address>0x408b</load_address>
         <run_address>0x408b</run_address>
         <size>0x564</size>
         <input_file_ref idref="fl-6"/>
      </object_component>
      <object_component id="oc-13f">
         <name>.debug_info</name>
         <load_address>0x45ef</load_address>
         <run_address>0x45ef</run_address>
         <size>0x160</size>
         <input_file_ref idref="fl-6"/>
      </object_component>
      <object_component id="oc-27b">
         <name>.debug_info</name>
         <load_address>0x474f</load_address>
         <run_address>0x474f</run_address>
         <size>0x2cc</size>
         <input_file_ref idref="fl-6"/>
      </object_component>
      <object_component id="oc-4ae">
         <name>.debug_info</name>
         <load_address>0x4a1b</load_address>
         <run_address>0x4a1b</run_address>
         <size>0x2c4</size>
         <input_file_ref idref="fl-9"/>
      </object_component>
      <object_component id="oc-3c1">
         <name>.debug_info</name>
         <load_address>0x4cdf</load_address>
         <run_address>0x4cdf</run_address>
         <size>0x13f</size>
         <input_file_ref idref="fl-9"/>
      </object_component>
      <object_component id="oc-3be">
         <name>.debug_info</name>
         <load_address>0x4e1e</load_address>
         <run_address>0x4e1e</run_address>
         <size>0x2ff</size>
         <input_file_ref idref="fl-9"/>
      </object_component>
      <object_component id="oc-275">
         <name>.debug_info</name>
         <load_address>0x511d</load_address>
         <run_address>0x511d</run_address>
         <size>0x20a</size>
         <input_file_ref idref="fl-9"/>
      </object_component>
      <object_component id="oc-330">
         <name>.debug_info</name>
         <load_address>0x5327</load_address>
         <run_address>0x5327</run_address>
         <size>0x307</size>
         <input_file_ref idref="fl-a"/>
      </object_component>
      <object_component id="oc-335">
         <name>.debug_info</name>
         <load_address>0x562e</load_address>
         <run_address>0x562e</run_address>
         <size>0x131</size>
         <input_file_ref idref="fl-a"/>
      </object_component>
      <object_component id="oc-332">
         <name>.debug_info</name>
         <load_address>0x575f</load_address>
         <run_address>0x575f</run_address>
         <size>0x131</size>
         <input_file_ref idref="fl-a"/>
      </object_component>
      <object_component id="oc-204">
         <name>.debug_info</name>
         <load_address>0x5890</load_address>
         <run_address>0x5890</run_address>
         <size>0x239</size>
         <input_file_ref idref="fl-a"/>
      </object_component>
      <object_component id="oc-1fd">
         <name>.debug_info</name>
         <load_address>0x5ac9</load_address>
         <run_address>0x5ac9</run_address>
         <size>0x236</size>
         <input_file_ref idref="fl-a"/>
      </object_component>
      <object_component id="oc-32b">
         <name>.debug_info</name>
         <load_address>0x5cff</load_address>
         <run_address>0x5cff</run_address>
         <size>0x232</size>
         <input_file_ref idref="fl-a"/>
      </object_component>
      <object_component id="oc-1f7">
         <name>.debug_info</name>
         <load_address>0x5f31</load_address>
         <run_address>0x5f31</run_address>
         <size>0x271</size>
         <input_file_ref idref="fl-a"/>
      </object_component>
      <object_component id="oc-373">
         <name>.debug_info</name>
         <load_address>0x61a2</load_address>
         <run_address>0x61a2</run_address>
         <size>0x20a</size>
         <input_file_ref idref="fl-a"/>
      </object_component>
      <object_component id="oc-1b1">
         <name>.debug_info</name>
         <load_address>0x63ac</load_address>
         <run_address>0x63ac</run_address>
         <size>0x313</size>
         <input_file_ref idref="fl-b"/>
      </object_component>
      <object_component id="oc-101">
         <name>.debug_info</name>
         <load_address>0x66bf</load_address>
         <run_address>0x66bf</run_address>
         <size>0x254</size>
         <input_file_ref idref="fl-b"/>
      </object_component>
      <object_component id="oc-42f">
         <name>.debug_info</name>
         <load_address>0x6913</load_address>
         <run_address>0x6913</run_address>
         <size>0x27f</size>
         <input_file_ref idref="fl-b"/>
      </object_component>
      <object_component id="oc-456">
         <name>.debug_info</name>
         <load_address>0x6b92</load_address>
         <run_address>0x6b92</run_address>
         <size>0x201</size>
         <input_file_ref idref="fl-b"/>
      </object_component>
      <object_component id="oc-1e7">
         <name>.debug_info</name>
         <load_address>0x6d93</load_address>
         <run_address>0x6d93</run_address>
         <size>0x1f9</size>
         <input_file_ref idref="fl-b"/>
      </object_component>
      <object_component id="oc-fa">
         <name>.debug_info</name>
         <load_address>0x6f8c</load_address>
         <run_address>0x6f8c</run_address>
         <size>0x22c</size>
         <input_file_ref idref="fl-b"/>
      </object_component>
      <object_component id="oc-1a5">
         <name>.debug_info</name>
         <load_address>0x71b8</load_address>
         <run_address>0x71b8</run_address>
         <size>0x110</size>
         <input_file_ref idref="fl-b"/>
      </object_component>
      <object_component id="oc-1f3">
         <name>.debug_info</name>
         <load_address>0x72c8</load_address>
         <run_address>0x72c8</run_address>
         <size>0x7a4</size>
         <input_file_ref idref="fl-c"/>
      </object_component>
      <object_component id="oc-304">
         <name>.debug_info</name>
         <load_address>0x7a6c</load_address>
         <run_address>0x7a6c</run_address>
         <size>0x2ce</size>
         <input_file_ref idref="fl-c"/>
      </object_component>
      <object_component id="oc-46f">
         <name>.debug_info</name>
         <load_address>0x7d3a</load_address>
         <run_address>0x7d3a</run_address>
         <size>0x24e</size>
         <input_file_ref idref="fl-c"/>
      </object_component>
      <object_component id="oc-47b">
         <name>.debug_info</name>
         <load_address>0x7f88</load_address>
         <run_address>0x7f88</run_address>
         <size>0x24b</size>
         <input_file_ref idref="fl-c"/>
      </object_component>
      <object_component id="oc-366">
         <name>.debug_info</name>
         <load_address>0x81d3</load_address>
         <run_address>0x81d3</run_address>
         <size>0x577</size>
         <input_file_ref idref="fl-c"/>
      </object_component>
      <object_component id="oc-30a">
         <name>.debug_info</name>
         <load_address>0x874a</load_address>
         <run_address>0x874a</run_address>
         <size>0x24c</size>
         <input_file_ref idref="fl-c"/>
      </object_component>
      <object_component id="oc-316">
         <name>.debug_info</name>
         <load_address>0x8996</load_address>
         <run_address>0x8996</run_address>
         <size>0x2b4</size>
         <input_file_ref idref="fl-c"/>
      </object_component>
      <object_component id="oc-1ed">
         <name>.debug_info</name>
         <load_address>0x8c4a</load_address>
         <run_address>0x8c4a</run_address>
         <size>0x4e7</size>
         <input_file_ref idref="fl-c"/>
      </object_component>
      <object_component id="oc-33a">
         <name>.debug_info</name>
         <load_address>0x9131</load_address>
         <run_address>0x9131</run_address>
         <size>0x2d2</size>
         <input_file_ref idref="fl-c"/>
      </object_component>
      <object_component id="oc-208">
         <name>.debug_info</name>
         <load_address>0x9403</load_address>
         <run_address>0x9403</run_address>
         <size>0x330</size>
         <input_file_ref idref="fl-c"/>
      </object_component>
      <object_component id="oc-12d">
         <name>.debug_info</name>
         <load_address>0x9733</load_address>
         <run_address>0x9733</run_address>
         <size>0x28f</size>
         <input_file_ref idref="fl-c"/>
      </object_component>
      <object_component id="oc-324">
         <name>.debug_info</name>
         <load_address>0x99c2</load_address>
         <run_address>0x99c2</run_address>
         <size>0x1cd</size>
         <input_file_ref idref="fl-c"/>
      </object_component>
      <object_component id="oc-e0">
         <name>.debug_info</name>
         <load_address>0x9b8f</load_address>
         <run_address>0x9b8f</run_address>
         <size>0x78b</size>
         <input_file_ref idref="fl-d"/>
      </object_component>
      <object_component id="oc-8c">
         <name>.debug_info</name>
         <load_address>0xa31a</load_address>
         <run_address>0xa31a</run_address>
         <size>0x337</size>
         <input_file_ref idref="fl-d"/>
      </object_component>
      <object_component id="oc-f0">
         <name>.debug_info</name>
         <load_address>0xa651</load_address>
         <run_address>0xa651</run_address>
         <size>0x133</size>
         <input_file_ref idref="fl-d"/>
      </object_component>
      <object_component id="oc-464">
         <name>.debug_info</name>
         <load_address>0xa784</load_address>
         <run_address>0xa784</run_address>
         <size>0x133</size>
         <input_file_ref idref="fl-d"/>
      </object_component>
      <object_component id="oc-467">
         <name>.debug_info</name>
         <load_address>0xa8b7</load_address>
         <run_address>0xa8b7</run_address>
         <size>0x133</size>
         <input_file_ref idref="fl-d"/>
      </object_component>
      <object_component id="oc-106">
         <name>.debug_info</name>
         <load_address>0xa9ea</load_address>
         <run_address>0xa9ea</run_address>
         <size>0x175</size>
         <input_file_ref idref="fl-d"/>
      </object_component>
      <object_component id="oc-412">
         <name>.debug_info</name>
         <load_address>0xab5f</load_address>
         <run_address>0xab5f</run_address>
         <size>0x133</size>
         <input_file_ref idref="fl-d"/>
      </object_component>
      <object_component id="oc-46a">
         <name>.debug_info</name>
         <load_address>0xac92</load_address>
         <run_address>0xac92</run_address>
         <size>0x141</size>
         <input_file_ref idref="fl-d"/>
      </object_component>
      <object_component id="oc-43b">
         <name>.debug_info</name>
         <load_address>0xadd3</load_address>
         <run_address>0xadd3</run_address>
         <size>0x135</size>
         <input_file_ref idref="fl-d"/>
      </object_component>
      <object_component id="oc-f5">
         <name>.debug_info</name>
         <load_address>0xaf08</load_address>
         <run_address>0xaf08</run_address>
         <size>0x1ff</size>
         <input_file_ref idref="fl-d"/>
      </object_component>
      <object_component id="oc-9b">
         <name>.debug_info</name>
         <load_address>0xb107</load_address>
         <run_address>0xb107</run_address>
         <size>0x2cf</size>
         <input_file_ref idref="fl-d"/>
      </object_component>
      <object_component id="oc-2dc">
         <name>.debug_info</name>
         <load_address>0xb3d6</load_address>
         <run_address>0xb3d6</run_address>
         <size>0x297</size>
         <input_file_ref idref="fl-d"/>
      </object_component>
      <object_component id="oc-31e">
         <name>.debug_info</name>
         <load_address>0xb66d</load_address>
         <run_address>0xb66d</run_address>
         <size>0x2a0</size>
         <input_file_ref idref="fl-d"/>
      </object_component>
      <object_component id="oc-441">
         <name>.debug_info</name>
         <load_address>0xb90d</load_address>
         <run_address>0xb90d</run_address>
         <size>0x281</size>
         <input_file_ref idref="fl-d"/>
      </object_component>
      <object_component id="oc-437">
         <name>.debug_info</name>
         <load_address>0xbb8e</load_address>
         <run_address>0xbb8e</run_address>
         <size>0x25a</size>
         <input_file_ref idref="fl-d"/>
      </object_component>
      <object_component id="oc-362">
         <name>.debug_info</name>
         <load_address>0xbde8</load_address>
         <run_address>0xbde8</run_address>
         <size>0x1f2</size>
         <input_file_ref idref="fl-d"/>
      </object_component>
      <object_component id="oc-343">
         <name>.debug_info</name>
         <load_address>0xbfda</load_address>
         <run_address>0xbfda</run_address>
         <size>0x2e5</size>
         <input_file_ref idref="fl-d"/>
      </object_component>
      <object_component id="oc-349">
         <name>.debug_info</name>
         <load_address>0xc2bf</load_address>
         <run_address>0xc2bf</run_address>
         <size>0x2e1</size>
         <input_file_ref idref="fl-d"/>
      </object_component>
      <object_component id="oc-355">
         <name>.debug_info</name>
         <load_address>0xc5a0</load_address>
         <run_address>0xc5a0</run_address>
         <size>0x266</size>
         <input_file_ref idref="fl-d"/>
      </object_component>
      <object_component id="oc-210">
         <name>.debug_info</name>
         <load_address>0xc806</load_address>
         <run_address>0xc806</run_address>
         <size>0x49c</size>
         <input_file_ref idref="fl-d"/>
      </object_component>
      <object_component id="oc-2ee">
         <name>.debug_info</name>
         <load_address>0xcca2</load_address>
         <run_address>0xcca2</run_address>
         <size>0x215</size>
         <input_file_ref idref="fl-d"/>
      </object_component>
      <object_component id="oc-300">
         <name>.debug_info</name>
         <load_address>0xceb7</load_address>
         <run_address>0xceb7</run_address>
         <size>0x2e9</size>
         <input_file_ref idref="fl-d"/>
      </object_component>
      <object_component id="oc-94">
         <name>.debug_info</name>
         <load_address>0xd1a0</load_address>
         <run_address>0xd1a0</run_address>
         <size>0x260</size>
         <input_file_ref idref="fl-d"/>
      </object_component>
      <object_component id="oc-2d0">
         <name>.debug_info</name>
         <load_address>0xd400</load_address>
         <run_address>0xd400</run_address>
         <size>0x1d5</size>
         <input_file_ref idref="fl-d"/>
      </object_component>
      <object_component id="oc-147">
         <name>.debug_info</name>
         <load_address>0xd5d5</load_address>
         <run_address>0xd5d5</run_address>
         <size>0x210</size>
         <input_file_ref idref="fl-d"/>
      </object_component>
      <object_component id="oc-477">
         <name>.debug_info</name>
         <load_address>0xd7e5</load_address>
         <run_address>0xd7e5</run_address>
         <size>0x266</size>
         <input_file_ref idref="fl-d"/>
      </object_component>
      <object_component id="oc-312">
         <name>.debug_info</name>
         <load_address>0xda4b</load_address>
         <run_address>0xda4b</run_address>
         <size>0x2c6</size>
         <input_file_ref idref="fl-d"/>
      </object_component>
      <object_component id="oc-429">
         <name>.debug_info</name>
         <load_address>0xdd11</load_address>
         <run_address>0xdd11</run_address>
         <size>0x1d7</size>
         <input_file_ref idref="fl-d"/>
      </object_component>
      <object_component id="oc-36e">
         <name>.debug_info</name>
         <load_address>0xdee8</load_address>
         <run_address>0xdee8</run_address>
         <size>0x343</size>
         <input_file_ref idref="fl-d"/>
      </object_component>
      <object_component id="oc-3b9">
         <name>.debug_info</name>
         <load_address>0xe22b</load_address>
         <run_address>0xe22b</run_address>
         <size>0x293</size>
         <input_file_ref idref="fl-d"/>
      </object_component>
      <object_component id="oc-483">
         <name>.debug_info</name>
         <load_address>0xe4be</load_address>
         <run_address>0xe4be</run_address>
         <size>0x1f5</size>
         <input_file_ref idref="fl-d"/>
      </object_component>
      <object_component id="oc-4b9">
         <name>.debug_info</name>
         <load_address>0xe6b3</load_address>
         <run_address>0xe6b3</run_address>
         <size>0x214</size>
         <input_file_ref idref="fl-d"/>
      </object_component>
      <object_component id="oc-3d6">
         <name>.debug_info</name>
         <load_address>0xe8c7</load_address>
         <run_address>0xe8c7</run_address>
         <size>0x2aa</size>
         <input_file_ref idref="fl-d"/>
      </object_component>
      <object_component id="oc-28a">
         <name>.debug_info</name>
         <load_address>0xeb71</load_address>
         <run_address>0xeb71</run_address>
         <size>0x20d</size>
         <input_file_ref idref="fl-d"/>
      </object_component>
      <object_component id="oc-18c">
         <name>.debug_info</name>
         <load_address>0xed7e</load_address>
         <run_address>0xed7e</run_address>
         <size>0x169</size>
         <input_file_ref idref="fl-d"/>
      </object_component>
      <object_component id="oc-19b">
         <name>.debug_info</name>
         <load_address>0xeee7</load_address>
         <run_address>0xeee7</run_address>
         <size>0x46</size>
         <input_file_ref idref="fl-d"/>
      </object_component>
      <object_component id="oc-e8">
         <name>.debug_info</name>
         <load_address>0xef2d</load_address>
         <run_address>0xef2d</run_address>
         <size>0x3f3</size>
         <input_file_ref idref="fl-e"/>
      </object_component>
      <object_component id="oc-8f">
         <name>.debug_info</name>
         <load_address>0xf320</load_address>
         <run_address>0xf320</run_address>
         <size>0x161</size>
         <input_file_ref idref="fl-e"/>
      </object_component>
      <object_component id="oc-3d0">
         <name>.debug_info</name>
         <load_address>0xf481</load_address>
         <run_address>0xf481</run_address>
         <size>0x148</size>
         <input_file_ref idref="fl-e"/>
      </object_component>
      <object_component id="oc-42">
         <name>.debug_info</name>
         <load_address>0xf5c9</load_address>
         <run_address>0xf5c9</run_address>
         <size>0x235</size>
         <input_file_ref idref="fl-e"/>
      </object_component>
      <object_component id="oc-3ca">
         <name>.debug_info</name>
         <load_address>0xf7fe</load_address>
         <run_address>0xf7fe</run_address>
         <size>0x226</size>
         <input_file_ref idref="fl-e"/>
      </object_component>
      <object_component id="oc-282">
         <name>.debug_info</name>
         <load_address>0xfa24</load_address>
         <run_address>0xfa24</run_address>
         <size>0x26e</size>
         <input_file_ref idref="fl-e"/>
      </object_component>
      <object_component id="oc-2f2">
         <name>.debug_info</name>
         <load_address>0xfc92</load_address>
         <run_address>0xfc92</run_address>
         <size>0x218</size>
         <input_file_ref idref="fl-e"/>
      </object_component>
      <object_component id="oc-2f8">
         <name>.debug_info</name>
         <load_address>0xfeaa</load_address>
         <run_address>0xfeaa</run_address>
         <size>0x21a</size>
         <input_file_ref idref="fl-e"/>
      </object_component>
      <object_component id="oc-34d">
         <name>.debug_info</name>
         <load_address>0x100c4</load_address>
         <run_address>0x100c4</run_address>
         <size>0x2cf</size>
         <input_file_ref idref="fl-e"/>
      </object_component>
      <object_component id="oc-45d">
         <name>.debug_info</name>
         <load_address>0x10393</load_address>
         <run_address>0x10393</run_address>
         <size>0x208</size>
         <input_file_ref idref="fl-e"/>
      </object_component>
      <object_component id="oc-3e">
         <name>.debug_info</name>
         <load_address>0x1059b</load_address>
         <run_address>0x1059b</run_address>
         <size>0x299</size>
         <input_file_ref idref="fl-f"/>
      </object_component>
      <object_component id="oc-2e9">
         <name>.debug_info</name>
         <load_address>0x10834</load_address>
         <run_address>0x10834</run_address>
         <size>0x3bc</size>
         <input_file_ref idref="fl-10"/>
      </object_component>
      <object_component id="oc-40e">
         <name>.debug_info</name>
         <load_address>0x10bf0</load_address>
         <run_address>0x10bf0</run_address>
         <size>0x12f</size>
         <input_file_ref idref="fl-10"/>
      </object_component>
      <object_component id="oc-2e3">
         <name>.debug_info</name>
         <load_address>0x10d1f</load_address>
         <run_address>0x10d1f</run_address>
         <size>0x12f</size>
         <input_file_ref idref="fl-10"/>
      </object_component>
      <object_component id="oc-2e6">
         <name>.debug_info</name>
         <load_address>0x10e4e</load_address>
         <run_address>0x10e4e</run_address>
         <size>0x12b</size>
         <input_file_ref idref="fl-10"/>
      </object_component>
      <object_component id="oc-2e0">
         <name>.debug_info</name>
         <load_address>0x10f79</load_address>
         <run_address>0x10f79</run_address>
         <size>0x149</size>
         <input_file_ref idref="fl-10"/>
      </object_component>
      <object_component id="oc-44f">
         <name>.debug_info</name>
         <load_address>0x110c2</load_address>
         <run_address>0x110c2</run_address>
         <size>0x291</size>
         <input_file_ref idref="fl-10"/>
      </object_component>
      <object_component id="oc-2d4">
         <name>.debug_info</name>
         <load_address>0x11353</load_address>
         <run_address>0x11353</run_address>
         <size>0x202</size>
         <input_file_ref idref="fl-10"/>
      </object_component>
      <object_component id="oc-1e1">
         <name>.debug_info</name>
         <load_address>0x11555</load_address>
         <run_address>0x11555</run_address>
         <size>0x374</size>
         <input_file_ref idref="fl-10"/>
      </object_component>
      <object_component id="oc-419">
         <name>.debug_info</name>
         <load_address>0x118c9</load_address>
         <run_address>0x118c9</run_address>
         <size>0x62</size>
         <input_file_ref idref="fl-10"/>
      </object_component>
      <object_component id="oc-1da">
         <name>.debug_info</name>
         <load_address>0x1192b</load_address>
         <run_address>0x1192b</run_address>
         <size>0x2d2</size>
         <input_file_ref idref="fl-11"/>
      </object_component>
      <object_component id="oc-2b9">
         <name>.debug_info</name>
         <load_address>0x11bfd</load_address>
         <run_address>0x11bfd</run_address>
         <size>0x113</size>
         <input_file_ref idref="fl-11"/>
      </object_component>
      <object_component id="oc-2b6">
         <name>.debug_info</name>
         <load_address>0x11d10</load_address>
         <run_address>0x11d10</run_address>
         <size>0x11b</size>
         <input_file_ref idref="fl-11"/>
      </object_component>
      <object_component id="oc-2b3">
         <name>.debug_info</name>
         <load_address>0x11e2b</load_address>
         <run_address>0x11e2b</run_address>
         <size>0x11f</size>
         <input_file_ref idref="fl-11"/>
      </object_component>
      <object_component id="oc-2c0">
         <name>.debug_info</name>
         <load_address>0x11f4a</load_address>
         <run_address>0x11f4a</run_address>
         <size>0x20a</size>
         <input_file_ref idref="fl-11"/>
      </object_component>
      <object_component id="oc-1d4">
         <name>.debug_info</name>
         <load_address>0x12154</load_address>
         <run_address>0x12154</run_address>
         <size>0x33c</size>
         <input_file_ref idref="fl-11"/>
      </object_component>
      <object_component id="oc-127">
         <name>.debug_info</name>
         <load_address>0x12490</load_address>
         <run_address>0x12490</run_address>
         <size>0x1d7</size>
         <input_file_ref idref="fl-11"/>
      </object_component>
      <object_component id="oc-2bb">
         <name>.debug_info</name>
         <load_address>0x12667</load_address>
         <run_address>0x12667</run_address>
         <size>0x255</size>
         <input_file_ref idref="fl-11"/>
      </object_component>
      <object_component id="oc-1cd">
         <name>.debug_info</name>
         <load_address>0x128bc</load_address>
         <run_address>0x128bc</run_address>
         <size>0x26d</size>
         <input_file_ref idref="fl-11"/>
      </object_component>
      <object_component id="oc-2c6">
         <name>.debug_info</name>
         <load_address>0x12b29</load_address>
         <run_address>0x12b29</run_address>
         <size>0x13a</size>
         <input_file_ref idref="fl-cd"/>
      </object_component>
      <object_component id="oc-57">
[...]
               <size>0x3</size>
            </available_space>
            <allocated_space>
               <start_address>0x20007708</start_address>
               <size>0x200</size>
               <logical_group_ref idref="lg-d"/>
            </allocated_space>
            <allocated_space>
               <start_address>0x20007908</start_address>
               <size>0x54</size>
               <logical_group_ref idref="lg-a"/>
            </allocated_space>
            <available_space>
               <start_address>0x2000795c</start_address>
               <size>0x6a4</size>
            </available_space>
         </usage_details>
      </memory_area>
   </placement_map>
   <cptbl_list>
      <cptbl>
         <name>__TI_cinit_table</name>
         <cprec>
            <name>.data</name>
            <load_address>0x2aa8</load_address>
            <load_size>0x17</load_size>
            <run_address>0x20007908</run_address>
            <run_size>0x54</run_size>
            <compression>lzss</compression>
         </cprec>
         <cprec>
            <name>.bss</name>
            <load_address>0x2ad0</load_address>
            <load_size>0x8</load_size>
            <run_address>0x20000000</run_address>
            <run_size>0x7705</run_size>
            <compression>zero_init</compression>
         </cprec>
      </cptbl>
   </cptbl_list>
   <handler_table>
      <handler_table_name>__TI_handler_table</handler_table_name>
      <handler>
         <index>0x0</index>
         <name>__TI_decompress_lzss</name>
      </handler>
      <handler>
         <index>0x1</index>
         <name>__TI_decompress_none</name>
      </handler>
      <handler>
         <index>0x2</index>
         <name>__TI_zero_init</name>
      </handler>
   </handler_table>
   <symbol_table>
      <symbol id="sm-1">
         <name>__STACK_TOP</name>
         <value>0x20007908</value>
      </symbol>
      <symbol id="sm-2">
         <name>__TI_CINIT_Base</name>
         <value>0x2ad8</value>
      </symbol>
      <symbol id="sm-3">
         <name>__TI_CINIT_Limit</name>
         <value>0x2ae8</value>
      </symbol>
      <symbol id="sm-4">
         <name>__TI_Handler_Table_Base</name>
         <value>0x2ac0</value>
      </symbol>
      <symbol id="sm-5">
         <name>__TI_Handler_Table_Limit</name>
         <value>0x2acc</value>
      </symbol>
      <symbol id="sm-6">
         <name>binit</name>
         <value>0xffffffff</value>
      </symbol>
      <symbol id="sm-7">
         <name>__binit__</name>
         <value>0xffffffff</value>
      </symbol>
      <symbol id="sm-8">
         <name>__STACK_SIZE</name>
         <value>0x200</value>
      </symbol>
      <symbol id="sm-9">
         <name>__STACK_END</name>
         <value>0x20007908</value>
      </symbol>
      <symbol id="sm-a">
         <name>__c_args__</name>
         <value>0xffffffff</value>
      </symbol>
      <symbol id="sm-b">
         <name>__TI_pprof_out_hndl</name>
         <value>0xffffffff</value>
      </symbol>
      <symbol id="sm-c">
         <name>__TI_prof_data_start</name>
         <value>0xffffffff</value>
      </symbol>
      <symbol id="sm-d">
         <name>__TI_prof_data_size</name>
         <value>0xffffffff</value>
      </symbol>
      <symbol id="sm-91">
         <name>g_pUARTSemaphore</name>
         <value>0x20007700</value>
      </symbol>
      <symbol id="sm-92">
         <name>vApplicationStackOverflowHook</name>
         <value>0x1f07</value>
         <object_component_ref idref="oc-e9"/>
      </symbol>
      <symbol id="sm-93">
         <name>main</name>
         <value>0x17b9</value>
         <object_component_ref idref="oc-cc"/>
      </symbol>
      <symbol id="sm-94">
         <name>ConfigureUART</name>
         <value>0x1bb1</value>
         <object_component_ref idref="oc-120"/>
      </symbol>
      <symbol id="sm-c5">
         <name>g_pI2CQueue</name>
         <value>0x200076f8</value>
      </symbol>
      <symbol id="sm-c6">
         <name>I2CTaskInit</name>
         <value>0x789</value>
         <object_component_ref idref="oc-138"/>
      </symbol>
      <symbol id="sm-100">
         <name>g_pLEDQueue</name>
         <value>0x200076fc</value>
      </symbol>
      <symbol id="sm-101">
         <name>LEDTaskInit</name>
         <value>0x11ad</value>
         <object_component_ref idref="oc-132"/>
      </symbol>
      <symbol id="sm-132">
         <name>ResetISR</name>
         <value>0x277b</value>
         <object_component_ref idref="oc-24"/>
      </symbol>
      <symbol id="sm-133">
         <name>g_pfnVectors</name>
         <value>0x0</value>
         <object_component_ref idref="oc-f"/>
      </symbol>
      <symbol id="sm-15f">
         <name>SwitchTaskInit</name>
         <value>0x20dd</value>
         <object_component_ref idref="oc-13e"/>
      </symbol>
      <symbol id="sm-18f">
         <name>ButtonsInit</name>
         <value>0x1a11</value>
         <object_component_ref idref="oc-274"/>
      </symbol>
      <symbol id="sm-190">
         <name>ButtonsPoll</name>
         <value>0x1629</value>
         <object_component_ref idref="oc-3c4"/>
      </symbol>
      <symbol id="sm-1e6">
         <name>RGBDisable</name>
         <value>0x1ae1</value>
         <object_component_ref idref="oc-371"/>
      </symbol>
      <symbol id="sm-1e7">
         <name>RGBIntensitySet</name>
         <value>0x26d1</value>
         <object_component_ref idref="oc-1fb"/>
      </symbol>
      <symbol id="sm-1e8">
         <name>RGBEnable</name>
         <value>0x1275</value>
         <object_component_ref idref="oc-329"/>
      </symbol>
      <symbol id="sm-1e9">
         <name>RGBInit</name>
         <value>0xc05</value>
         <object_component_ref idref="oc-1f5"/>
      </symbol>
      <symbol id="sm-1ea">
         <name>RGBColorSet</name>
         <value>0x147d</value>
         <object_component_ref idref="oc-201"/>
      </symbol>
      <symbol id="sm-21f">
         <name>uxListRemove</name>
         <value>0x25a1</value>
         <object_component_ref idref="oc-f9"/>
      </symbol>
      <symbol id="sm-220">
         <name>vListInsert</name>
         <value>0x23e1</value>
         <object_component_ref idref="oc-42e"/>
      </symbol>
      <symbol id="sm-221">
         <name>vListInitialiseItem</name>
         <value>0x2787</value>
         <object_component_ref idref="oc-455"/>
      </symbol>
      <symbol id="sm-222">
         <name>vListInsertEnd</name>
         <value>0x2645</value>
         <object_component_ref idref="oc-ff"/>
      </symbol>
      <symbol id="sm-223">
         <name>vListInitialise</name>
         <value>0x26b9</value>
         <object_component_ref idref="oc-1e6"/>
      </symbol>
      <symbol id="sm-2b3">
         <name>xQueueGenericCreate</name>
         <value>0x22f9</value>
         <object_component_ref idref="oc-207"/>
      </symbol>
      <symbol id="sm-2b4">
         <name>xQueueCreateMutex</name>
         <value>0x2091</value>
         <object_component_ref idref="oc-12c"/>
      </symbol>
      <symbol id="sm-2b5">
         <name>xQueueGenericSend</name>
         <value>0xf0d</value>
         <object_component_ref idref="oc-1ec"/>
      </symbol>
      <symbol id="sm-2b6">
         <name>xQueueGenericReset</name>
         <value>0x1735</value>
         <object_component_ref idref="oc-339"/>
      </symbol>
      <symbol id="sm-2b7">
         <name>xQueueGenericReceive</name>
         <value>0xaed</value>
         <object_component_ref idref="oc-365"/>
      </symbol>
      <symbol id="sm-48b">
         <name>vTaskDelay</name>
         <value>0x1dfd</value>
         <object_component_ref idref="oc-3b6"/>
      </symbol>
      <symbol id="sm-48c">
         <name>vTaskSuspendAll</name>
         <value>0x271d</value>
         <object_component_ref idref="oc-2cd"/>
      </symbol>
      <symbol id="sm-48d">
         <name>vTaskPriorityInherit</name>
         <value>0x150d</value>
         <object_component_ref idref="oc-474"/>
      </symbol>
      <symbol id="sm-48e">
         <name>vTaskPlaceOnEventList</name>
         <value>0x1c15</value>
         <object_component_ref idref="oc-30f"/>
      </symbol>
      <symbol id="sm-48f">
         <name>xTaskCheckForTimeOut</name>
         <value>0x1f09</value>
         <object_component_ref idref="oc-2fd"/>
      </symbol>
      <symbol id="sm-490">
         <name>xTaskPriorityDisinherit</name>
         <value>0x18b1</value>
         <object_component_ref idref="oc-43e"/>
      </symbol>
      <symbol id="sm-491">
         <name>vTaskStartScheduler</name>
         <value>0x1d9d</value>
         <object_component_ref idref="oc-144"/>
      </symbol>
      <symbol id="sm-492">
         <name>pvTaskIncrementMutexHeldCount</name>
         <value>0x262d</value>
         <object_component_ref idref="oc-480"/>
      </symbol>
      <symbol id="sm-493">
         <name>vTaskDelayUntil</name>
         <value>0x16b1</value>
         <object_component_ref idref="oc-36b"/>
      </symbol>
      <symbol id="sm-494">
         <name>vTaskMissedYield</name>
         <value>0x2749</value>
         <object_component_ref idref="oc-426"/>
      </symbol>
      <symbol id="sm-495">
         <name>xTaskResumeAll</name>
         <value>0xff5</value>
         <object_component_ref idref="oc-2d9"/>
      </symbol>
      <symbol id="sm-496">
         <name>xTaskGetTickCount</name>
         <value>0x2755</value>
         <object_component_ref idref="oc-35f"/>
      </symbol>
      <symbol id="sm-497">
         <name>xTaskGenericCreate</name>
         <value>0xe0d</value>
         <object_component_ref idref="oc-20d"/>
      </symbol>
      <symbol id="sm-498">
         <name>pxCurrentTCB</name>
         <value>0x20007908</value>
         <object_component_ref idref="oc-8b"/>
      </symbol>
      <symbol id="sm-499">
         <name>vTaskSetTimeOutState</name>
         <value>0x2675</value>
         <object_component_ref idref="oc-2eb"/>
      </symbol>
      <symbol id="sm-49a">
         <name>xTaskIncrementTick</name>
         <value>0xd09</value>
         <object_component_ref idref="oc-98"/>
      </symbol>
      <symbol id="sm-49b">
         <name>vTaskSwitchContext</name>
         <value>0x159d</value>
         <object_component_ref idref="oc-91"/>
      </symbol>
      <symbol id="sm-49c">
         <name>xTaskRemoveFromEventList</name>
         <value>0x1929</value>
         <object_component_ref idref="oc-31b"/>
      </symbol>
      <symbol id="sm-4f6">
         <name>ulMaxSyscallInterruptPriority</name>
         <value>0x2aa4</value>
         <object_component_ref idref="oc-8e"/>
      </symbol>
      <symbol id="sm-4f7">
         <name>vPortSetupTimerInterrupt</name>
         <value>0x26e5</value>
         <object_component_ref idref="oc-3c9"/>
      </symbol>
      <symbol id="sm-4f8">
         <name>xPortSysTickHandler</name>
         <value>0x24dd</value>
         <object_component_ref idref="oc-41"/>
      </symbol>
      <symbol id="sm-4f9">
         <name>pxPortInitialiseStack</name>
         <value>0x2531</value>
         <object_component_ref idref="oc-34c"/>
      </symbol>
      <symbol id="sm-4fa">
         <name>vPortExitCritical</name>
         <value>0x265d</value>
         <object_component_ref idref="oc-2f1"/>
      </symbol>
      <symbol id="sm-4fb">
         <name>xPortStartScheduler</name>
         <value>0x227d</value>
         <object_component_ref idref="oc-281"/>
      </symbol>
      <symbol id="sm-4fc">
         <name>vPortEnterCritical</name>
         <value>0x25dd</value>
         <object_component_ref idref="oc-2f7"/>
      </symbol>
      <symbol id="sm-50b">
         <name>vPortStartFirstTask</name>
         <value>0x1181</value>
         <object_component_ref idref="oc-3c"/>
      </symbol>
      <symbol id="sm-50c">
         <name>ulPortGetIPSR</name>
         <value>0x10e9</value>
         <object_component_ref idref="oc-3c"/>
      </symbol>
      <symbol id="sm-50d">
         <name>vPortEnableVFP</name>
         <value>0x119d</value>
         <object_component_ref idref="oc-3c"/>
      </symbol>
      <symbol id="sm-50e">
         <name>xPortPendSVHandler</name>
         <value>0x1101</value>
         <object_component_ref idref="oc-3c"/>
      </symbol>
      <symbol id="sm-50f">
         <name>vPortSVCHandler</name>
         <value>0x1161</value>
         <object_component_ref idref="oc-3c"/>
      </symbol>
      <symbol id="sm-564">
         <name>pvPortMalloc</name>
         <value>0x1335</value>
         <object_component_ref idref="oc-1e0"/>
      </symbol>
      <symbol id="sm-565">
         <name>vPortFree</name>
         <value>0x21f9</value>
         <object_component_ref idref="oc-44e"/>
      </symbol>
      <symbol id="sm-5d3">
         <name>UARTStdioConfig</name>
         <value>0x1cdd</value>
         <object_component_ref idref="oc-1cc"/>
      </symbol>
      <symbol id="sm-5d4">
         <name>UARTwrite</name>
         <value>0x2125</value>
         <object_component_ref idref="oc-2bf"/>
      </symbol>
      <symbol id="sm-5d5">
         <name>UARTprintf</name>
         <value>0x25f9</value>
         <object_component_ref idref="oc-126"/>
      </symbol>
      <symbol id="sm-5d6">
         <name>UARTvprintf</name>
         <value>0x46d</value>
         <object_component_ref idref="oc-1d3"/>
      </symbol>
      <symbol id="sm-5e6">
         <name>__aeabi_uidivmod</name>
         <value>0x223d</value>
         <object_component_ref idref="oc-2c5"/>
      </symbol>
      <symbol id="sm-5e7">
         <name>__aeabi_uidiv</name>
         <value>0x223d</value>
         <object_component_ref idref="oc-2c5"/>
      </symbol>
      <symbol id="sm-607">
         <name>memcpy</name>
         <value>0x13e1</value>
         <object_component_ref idref="oc-55"/>
      </symbol>
      <symbol id="sm-608">
         <name>__aeabi_memcpy</name>
         <value>0x13e1</value>
         <object_component_ref idref="oc-55"/>
      </symbol>
      <symbol id="sm-609">
         <name>__aeabi_memcpy8</name>
         <value>0x13e1</value>
         <object_component_ref idref="oc-55"/>
      </symbol>
      <symbol id="sm-60a">
         <name>__aeabi_memcpy4</name>
         <value>0x13e1</value>
         <object_component_ref idref="oc-55"/>
      </symbol>
      <symbol id="sm-619">
         <name>__aeabi_memset</name>
         <value>0x1837</value>
         <object_component_ref idref="oc-c0"/>
      </symbol>
      <symbol id="sm-61a">
         <name>memset</name>
         <value>0x183d</value>
         <object_component_ref idref="oc-c0"/>
      </symbol>
      <symbol id="sm-61b">
         <name>__aeabi_memset8</name>
         <value>0x1837</value>
         <object_component_ref idref="oc-c0"/>
      </symbol>
      <symbol id="sm-61c">
         <name>__aeabi_memset4</name>
         <value>0x1837</value>
         <object_component_ref idref="oc-c0"/>
      </symbol>
      <symbol id="sm-61d">
         <name>__aeabi_memclr8</name>
         <value>0x1835</value>
         <object_component_ref idref="oc-c0"/>
      </symbol>
      <symbol id="sm-61e">
         <name>__aeabi_memclr4</name>
         <value>0x1835</value>
         <object_component_ref idref="oc-c0"/>
      </symbol>
      <symbol id="sm-61f">
         <name>__aeabi_memclr</name>
         <value>0x1835</value>
         <object_component_ref idref="oc-c0"/>
      </symbol>
      <symbol id="sm-636">
         <name>__TI_zero_init</name>
         <value>0x273b</value>
         <object_component_ref idref="oc-67"/>
      </symbol>
      <symbol id="sm-64d">
         <name>__TI_decompress_none</name>
         <value>0x272d</value>
         <object_component_ref idref="oc-18"/>
      </symbol>
      <symbol id="sm-670">
         <name>__TI_decompress_lzss</name>
         <value>0x1b49</value>
         <object_component_ref idref="oc-12"/>
      </symbol>
      <symbol id="sm-683">
         <name>__stack</name>
         <value>0x20007708</value>
         <object_component_ref idref="oc-21"/>
      </symbol>
      <symbol id="sm-684">
         <name>_c_int00_noargs</name>
         <value>0x23a9</value>
         <object_component_ref idref="oc-73"/>
      </symbol>
      <symbol id="sm-68f">
         <name>C$$EXIT</name>
         <value>0x2791</value>
         <object_component_ref idref="oc-14c"/>
      </symbol>
      <symbol id="sm-690">
         <name>abort</name>
         <value>0x2791</value>
         <object_component_ref idref="oc-14c"/>
      </symbol>
      <symbol id="sm-69c">
         <name>__aeabi_idiv0</name>
         <value>0x1cdb</value>
         <object_component_ref idref="oc-406"/>
      </symbol>
      <symbol id="sm-69d">
         <name>__aeabi_ldiv0</name>
         <value>0x1cdb</value>
         <object_component_ref idref="oc-406"/>
      </symbol>
      <symbol id="sm-6c5">
         <name>__TI_auto_init_nobinit_nopinit</name>
         <value>0x21b5</value>
         <object_component_ref idref="oc-158"/>
      </symbol>
      <symbol id="sm-6cf">
         <name>_system_pre_init</name>
         <value>0x278d</value>
         <object_component_ref idref="oc-c6"/>
      </symbol>
      <symbol id="sm-70b">
         <name>GPIOPinConfigure</name>
         <value>0x1fad</value>
         <object_component_ref idref="oc-22f"/>
      </symbol>
      <symbol id="sm-70c">
         <name>GPIOPinTypeI2CSCL</name>
         <value>0x26a3</value>
         <object_component_ref idref="oc-23b"/>
      </symbol>
      <symbol id="sm-70d">
         <name>GPIOPinTypeI2C</name>
         <value>0x268d</value>
         <object_component_ref idref="oc-235"/>
      </symbol>
      <symbol id="sm-70e">
         <name>GPIODirModeSet</name>
         <value>0x24b1</value>
         <object_component_ref idref="oc-380"/>
      </symbol>
      <symbol id="sm-70f">
         <name>GPIOPadConfigSet</name>
         <value>0x657</value>
         <object_component_ref idref="oc-386"/>
      </symbol>
      <symbol id="sm-731">
         <name>I2CMasterInitExpClk</name>
         <value>0x1ff9</value>
         <object_component_ref idref="oc-253"/>
      </symbol>
      <symbol id="sm-732">
         <name>I2CMasterIntEnableEx</name>
         <value>0x276b</value>
         <object_component_ref idref="oc-259"/>
      </symbol>
      <symbol id="sm-733">
         <name>I2CMasterEnable</name>
         <value>0x2761</value>
         <object_component_ref idref="oc-3a6"/>
      </symbol>
      <symbol id="sm-752">
         <name>IntEnable</name>
         <value>0x1a79</value>
         <object_component_ref idref="oc-25f"/>
      </symbol>
      <symbol id="sm-7e1">
         <name>SysCtlPeripheralEnable</name>
         <value>0x244d</value>
         <object_component_ref idref="oc-223"/>
      </symbol>
      <symbol id="sm-7e2">
         <name>SysCtlPeripheralDisable</name>
         <value>0x2419</value>
         <object_component_ref idref="oc-247"/>
      </symbol>
      <symbol id="sm-7e3">
         <name>SysCtlPeripheralReady</name>
         <value>0x2371</value>
         <object_component_ref idref="oc-229"/>
      </symbol>
      <symbol id="sm-7e4">
         <name>SysCtlClockFreqSet</name>
         <value>0x26d</value>
         <object_component_ref idref="oc-241"/>
      </symbol>
      <symbol id="sm-7e5">
         <name>SysCtlPeripheralReset</name>
         <value>0x1f5d</value>
         <object_component_ref idref="oc-24d"/>
      </symbol>
      <symbol id="sm-7f2">
         <name>UARTClockSourceSet</name>
         <value>0x2781</value>
         <object_component_ref idref="oc-1c6"/>
      </symbol>
      <symbol id="sm-7f4">
         <name>__TI_static_base__</name>
         <value>0x0</value>
      </symbol>
      <symbol id="sm-7f7">
         <name>__mpu_init</name>
         <value>0x0</value>
      </symbol>
      <symbol id="sm-7f8">
         <name>_system_post_cinit</name>
         <value>0x0</value>
      </symbol>
   </symbol_table>
   <title>Link successful</title>
</link_info>
