******************************************************************************
                  TI ARM Linker PC v18.1.1                     
******************************************************************************
>> Linked Fri Nov 22 20:10:03 2019

OUTPUT FILE NAME:   <freertos_demo.out>
ENTRY POINT SYMBOL: "_c_int00_noargs"  address: 000023a9


MEMORY CONFIGURATION

         name            origin    length      used     unused   attr    fill
----------------------  --------  ---------  --------  --------  ----  --------
  FLASH                 00000000   00040000  00002ae8  0003d518  R  X
  SRAM                  20000000   00008000  00007959  000006a7  RW X


SEGMENT ALLOCATION MAP

run origin  load origin   length   init length attrs members
----------  ----------- ---------- ----------- ----- -------
00000000    00000000    00002ae8   00002ae8    r-x
  00000000    00000000    0000026c   0000026c    r-- .intvecs
  0000026c    0000026c    00002528   00002528    r-x .text
  00002794    00002794    00000314   00000314    r-- .const
  00002aa8    00002aa8    00000040   00000040    r-- .cinit
20000000    20000000    0000795c   00000000    rw-
  20000000    20000000    00007705   00000000    rw- .bss
  20007708    20007708    00000200   00000000    rw- .stack
  20007908    20007908    00000054   00000000    rw- .data


SECTION ALLOCATION MAP

 output                                  attributes/
section   page    origin      length       input sections
--------  ----  ----------  ----------   ----------------
.intvecs   0    00000000    0000026c     
                  00000000    0000026c     startup_ccs.obj (.intvecs)

.text      0    0000026c    00002528     
                  0000026c    00000200     driverlib.lib : sysctl.obj (.text:SysCtlClockFreqSet)
                  0000046c    000001ea     uartstdio.obj (.text:UARTvprintf)
                  00000656    00000132     driverlib.lib : gpio.obj (.text:GPIOPadConfigSet)
                  00000788    00000128     i2c_task.obj (.text:I2CTaskInit)
                  000008b0    00000120     switch_task.obj (.text:SwitchTask)
                  000009d0    0000011c     led_task.obj (.text:LEDTask)
                  00000aec    00000118     queue.obj (.text:xQueueGenericReceive)
                  00000c04    00000104     rgb.obj (.text:RGBInit)
                  00000d08    00000104     tasks.obj (.text:xTaskIncrementTick)
                  00000e0c    00000100     tasks.obj (.text:xTaskGenericCreate)
                  00000f0c    000000e8     queue.obj (.text:xQueueGenericSend)
                  00000ff4    000000e4     tasks.obj (.text:xTaskResumeAll)
                  000010d8    000000d2     portasm.obj (.text)
                  000011aa    00000002     startup_ccs.obj (.text:FaultISR)
                  000011ac    000000c8     led_task.obj (.text:LEDTaskInit)
                  00001274    000000c0     rgb.obj (.text:RGBEnable)
                  00001334    000000ac     heap_2.obj (.text:pvPortMalloc)
                  000013e0    0000009c     rtsv7M4_T_le_v4SPD16_eabi.lib : memcpy_t2.asm.obj (.text)
                  0000147c    00000090     rgb.obj (.text:RGBColorSet)
                  0000150c    00000090     tasks.obj (.text:vTaskPriorityInherit)
                  0000159c    0000008c     tasks.obj (.text:vTaskSwitchContext)
                  00001628    00000088     buttons.obj (.text:ButtonsPoll)
                  000016b0    00000084     tasks.obj (.text:vTaskDelayUntil)
                  00001734    00000084     queue.obj (.text:xQueueGenericReset)
                  000017b8    0000007c     freertos_demo.obj (.text:main)
                  00001834    0000007a     rtsv7M4_T_le_v4SPD16_eabi.lib : memset_t2.asm.obj (.text)
                  000018ae    00000002     startup_ccs.obj (.text:IntDefaultHandler)
                  000018b0    00000078     tasks.obj (.text:xTaskPriorityDisinherit)
                  00001928    00000074     tasks.obj (.text:xTaskRemoveFromEventList)
                  0000199c    00000072     queue.obj (.text:prvCopyDataToQueue)
                  00001a0e    00000002     startup_ccs.obj (.text:NmiSR)
                  00001a10    00000068     buttons.obj (.text:ButtonsInit)
                  00001a78    00000068     driverlib.lib : interrupt.obj (.text:IntEnable)
                  00001ae0    00000068     rgb.obj (.text:RGBDisable)
                  00001b48    00000068     rtsv7M4_T_le_v4SPD16_eabi.lib : copy_decompress_lzss.c.obj (.text:decompress:lzss:__TI_decompress_lzss)
                  00001bb0    00000064     freertos_demo.obj (.text:ConfigureUART)
                  00001c14    00000064     tasks.obj (.text:vTaskPlaceOnEventList)
                  00001c78    00000062     queue.obj (.text:prvUnlockQueue)
                  00001cda    00000002     rtsv7M4_T_le_v4SPD16_eabi.lib : div0.asm.obj (.text)
                  00001cdc    00000060     uartstdio.obj (.text:UARTStdioConfig)
                  00001d3c    00000060     tasks.obj (.text:prvInitialiseTaskLists)
                  00001d9c    00000060     tasks.obj (.text:vTaskStartScheduler)
                  00001dfc    0000005c     tasks.obj (.text:vTaskDelay)
                  00001e58    00000058     tasks.obj (.text:prvCheckTasksWaitingTermination)
                  00001eb0    00000056     tasks.obj (.text:prvInitialiseTCBVariables)
                  00001f06    00000002     freertos_demo.obj (.text:vApplicationStackOverflowHook)
                  00001f08    00000054     tasks.obj (.text:xTaskCheckForTimeOut)
                  00001f5c    00000050     driverlib.lib : sysctl.obj (.text:SysCtlPeripheralReset)
                  00001fac    0000004c                   : gpio.obj (.text:GPIOPinConfigure)
                  00001ff8    0000004c                   : i2c.obj (.text:I2CMasterInitExpClk)
                  00002044    0000004c     tasks.obj (.text:prvAddCurrentTaskToDelayedList)
                  00002090    0000004c     queue.obj (.text:xQueueCreateMutex)
                  000020dc    00000048     switch_task.obj (.text:SwitchTaskInit)
                  00002124    00000048     uartstdio.obj (.text:UARTwrite)
                  0000216c    00000048     driverlib.lib : sysctl.obj (.text:_SysCtlFrequencyGet)
                  000021b4    00000044     rtsv7M4_T_le_v4SPD16_eabi.lib : autoinit.c.obj (.text:__TI_auto_init_nobinit_nopinit:__TI_auto_init_nobinit_nopinit)
                  000021f8    00000044     heap_2.obj (.text:vPortFree)
                  0000223c    00000040     rtsv7M4_T_le_v4SPD16_eabi.lib : u_divt2.asm.obj (.text)
                  0000227c    00000040     port.obj (.text:xPortStartScheduler)
                  000022bc    0000003c     i2c_task.obj (.text:I2CTask)
                  000022f8    0000003c     queue.obj (.text:xQueueGenericCreate)
                  00002334    0000003a     tasks.obj (.text:prvAllocateTCBAndStack)
                  0000236e    00000002     --HOLE-- [fill = 0]
                  00002370    00000038     driverlib.lib : sysctl.obj (.text:SysCtlPeripheralReady)
                  000023a8    00000038     rtsv7M4_T_le_v4SPD16_eabi.lib : boot_cortex_m.c.obj (.text:_c_int00_noargs:_c_int00_noargs)
                  000023e0    00000038     list.obj (.text:vListInsert)
                  00002418    00000034     driverlib.lib : sysctl.obj (.text:SysCtlPeripheralDisable)
                  0000244c    00000034                   : sysctl.obj (.text:SysCtlPeripheralEnable)
                  00002480    00000030     heap_2.obj (.text:prvHeapInit)
                  000024b0    0000002c     driverlib.lib : gpio.obj (.text:GPIODirModeSet)
                  000024dc    0000002c     port.obj (.text:xPortSysTickHandler)
                  00002508    00000028     tasks.obj (.text:prvResetNextTaskUnblockTime)
                  00002530    00000028     port.obj (.text:pxPortInitialiseStack)
                  00002558    00000026     queue.obj (.text:prvCopyDataFromQueue)
                  0000257e    00000002     --HOLE-- [fill = 0]
                  00002580    00000020     driverlib.lib : sysctl.obj (.text:_SysCtlMemTimingGet)
                  000025a0    00000020     list.obj (.text:uxListRemove)
                  000025c0    0000001c     queue.obj (.text:prvIsQueueFull)
                  000025dc    0000001c     port.obj (.text:vPortEnterCritical)
                  000025f8    0000001a     uartstdio.obj (.text:UARTprintf)
                  00002612    0000001a     queue.obj (.text:prvIsQueueEmpty)
                  0000262c    00000018     tasks.obj (.text:pvTaskIncrementMutexHeldCount)
                  00002644    00000018     list.obj (.text:vListInsertEnd)
                  0000265c    00000018     port.obj (.text:vPortExitCritical)
                  00002674    00000018     tasks.obj (.text:vTaskSetTimeOutState)
                  0000268c    00000016     driverlib.lib : gpio.obj (.text:GPIOPinTypeI2C)
                  000026a2    00000016                   : gpio.obj (.text:GPIOPinTypeI2CSCL)
                  000026b8    00000016     list.obj (.text:vListInitialise)
                  000026ce    00000002     --HOLE-- [fill = 0]
                  000026d0    00000014     rgb.obj (.text:RGBIntensitySet)
                  000026e4    00000014     port.obj (.text:vPortSetupTimerInterrupt)
                  000026f8    00000012     tasks.obj (.text:prvDeleteTCB)
                  0000270a    00000010     port.obj (.text:prvTaskExitError)
                  0000271a    00000002     --HOLE-- [fill = 0]
                  0000271c    00000010     tasks.obj (.text:vTaskSuspendAll)
                  0000272c    0000000e     rtsv7M4_T_le_v4SPD16_eabi.lib : copy_decompress_none.c.obj (.text:decompress:none:__TI_decompress_none)
                  0000273a    0000000c                                   : copy_zero_init.c.obj (.text:decompress:ZI:__TI_zero_init)
                  00002746    00000002     --HOLE-- [fill = 0]
                  00002748    0000000c     tasks.obj (.text:vTaskMissedYield)
                  00002754    0000000c     tasks.obj (.text:xTaskGetTickCount)
                  00002760    0000000a     driverlib.lib : i2c.obj (.text:I2CMasterEnable)
                  0000276a    00000008                   : i2c.obj (.text:I2CMasterIntEnableEx)
                  00002772    00000008     tasks.obj (.text:prvIdleTask)
                  0000277a    00000006     startup_ccs.obj (.text:ResetISR)
                  00002780    00000006     driverlib.lib : uart.obj (.text:UARTClockSourceSet)
                  00002786    00000006     list.obj (.text:vListInitialiseItem)
                  0000278c    00000004     rtsv7M4_T_le_v4SPD16_eabi.lib : pre_init.c.obj (.text:_system_pre_init)
                  00002790    00000004                                   : exit.c.obj (.text:abort:abort)

.const     0    00002794    00000314     
                  00002794    000001b0     driverlib.lib : sysctl.obj (.const:g_pppui32XTALtoVCO)
                  00002944    00000090                   : gpio.obj (.const:g_pui32GPIOBaseAddrs)
                  000029d4    0000006c                   : sysctl.obj (.const:g_pui32Xtals)
                  00002a40    00000030                   : sysctl.obj (.const:g_sXTALtoMEMTIM)
                  00002a70    00000014                   : interrupt.obj (.const:g_pui32EnRegs)
                  00002a84    0000000c     uartstdio.obj (.const:g_ui32UARTBase)
                  00002a90    0000000c     uartstdio.obj (.const:g_ui32UARTPeriph)
                  00002a9c    00000008     driverlib.lib : sysctl.obj (.const:g_pui32VCOFrequencies)
                  00002aa4    00000004     port.obj (.const)

.cinit     0    00002aa8    00000040     
                  00002aa8    00000017     (.cinit..data.load) [load image, compression = lzss]
                  00002abf    00000001     --HOLE-- [fill = 0]
                  00002ac0    0000000c     (__TI_handler_table)
                  00002acc    00000004     --HOLE-- [fill = 0]
                  00002ad0    00000008     (.cinit..bss.load) [load image, compression = zero_init]
                  00002ad8    00000010     (__TI_cinit_table)

.init_array 
*          0    00000000    00000000     UNINITIALIZED

.bss       0    20000000    00007705     UNINITIALIZED
                  20000000    00007530     heap_2.obj (.bss:ucHeap)
                  20007530    00000140     tasks.obj (.bss:pxReadyTasksLists)
                  20007670    00000014     tasks.obj (.bss:xDelayedTaskList1)
                  20007684    00000014     tasks.obj (.bss:xDelayedTaskList2)
                  20007698    00000014     tasks.obj (.bss:xPendingReadyList)
                  200076ac    00000014     tasks.obj (.bss:xSuspendedTaskList)
                  200076c0    00000014     tasks.obj (.bss:xTasksWaitingTermination)
                  200076d4    0000000c     rgb.obj (.bss:g_ui32Colors)
                  200076e0    00000008     tasks.obj (.bss)
                  200076e8    00000008     heap_2.obj (.bss:xEnd)
                  200076f0    00000008     heap_2.obj (.bss:xStart)
                  200076f8    00000004     (.common:g_pI2CQueue)
                  200076fc    00000004     (.common:g_pLEDQueue)
                  20007700    00000004     (.common:g_pUARTSemaphore)
                  20007704    00000001     led_task.obj (.bss)

.data      0    20007908    00000054     UNINITIALIZED
                  20007908    00000030     tasks.obj (.data)
                  20007938    0000000c     led_task.obj (.data:g_pui32Colors)
                  20007944    00000008     heap_2.obj (.data)
                  2000794c    00000005     uartstdio.obj (.data)
                  20007951    00000003     buttons.obj (.data)
                  20007954    00000004     port.obj (.data)
                  20007958    00000004     rgb.obj (.data)

.stack     0    20007708    00000200     UNINITIALIZED
                  20007708    00000004     rtsv7M4_T_le_v4SPD16_eabi.lib : boot_cortex_m.c.obj (.stack)
                  2000770c    000001fc     --HOLE--

MODULE SUMMARY

       Module                       code   ro data   rw data
       ------                       ----   -------   -------
    .\
       startup_ccs.obj              12     620       0      
       led_task.obj                 484    0         17     
       i2c_task.obj                 356    0         4      
       switch_task.obj              360    0         0      
       freertos_demo.obj            226    0         4      
    +--+----------------------------+------+---------+---------+
       Total:                       1438   620       25     
                                                            
    .\drivers\
       rgb.obj                      720    0         16     
       buttons.obj                  240    0         3      
    +--+----------------------------+------+---------+---------+
       Total:                       960    0         19     
                                                            
    .\third_party\FreeRTOS\Source\
       tasks.obj                    2326   0         476    
       queue.obj                    1084   0         0      
       list.obj                     140    0         0      
    +--+----------------------------+------+---------+---------+
       Total:                       3550   0         476    
                                                            
    .\third_party\FreeRTOS\Source\portable\CCS\ARM_CM4F\
       port.obj                     236    4         4      
       portasm.obj                  210    0         0      
    +--+----------------------------+------+---------+---------+
       Total:                       446    4         4      
                                                            
    .\third_party\FreeRTOS\Source\portable\MemMang\
       heap_2.obj                   288    0         30024  
    +--+----------------------------+------+---------+---------+
       Total:                       288    0         30024  
                                                            
    .\utils\
       uartstdio.obj                684    24        5      
    +--+----------------------------+------+---------+---------+
       Total:                       684    24        5      
                                                            
    C:/ti/TivaWare_C_Series-2.1.4.178/driverlib/ccs/Debug/driverlib.lib
       sysctl.obj                   856    596       0      
       gpio.obj                     470    144       0      
       interrupt.obj                104    20        0      
       i2c.obj                      94     0         0      
       uart.obj                     6      0         0      
    +--+----------------------------+------+---------+---------+
       Total:                       1530   760       0      
                                                            
    C:\ti\ccsv8\tools\compiler\ti-cgt-arm_18.1.1.LTS\lib\rtsv7M4_T_le_v4SPD16_eabi.lib
       memcpy_t2.asm.obj            156    0         0      
       memset_t2.asm.obj            122    0         0      
       copy_decompress_lzss.c.obj   104    0         0      
       autoinit.c.obj               68     0         0      
       u_divt2.asm.obj              64     0         0      
       boot_cortex_m.c.obj          56     0         0      
       copy_decompress_none.c.obj   14     0         0      
       copy_zero_init.c.obj         12     0         0      
       exit.c.obj                   4      0         0      
       pre_init.c.obj               4      0         0      
       div0.asm.obj                 2      0         0      
    +--+----------------------------+------+---------+---------+
       Total:                       606    0         0      
                                                            
       Stack:                       0      0         512    
       Linker Generated:            0      59        0      
    +--+----------------------------+------+---------+---------+
       Grand Total:                 9502   1467      31065  


LINKER GENERATED COPY TABLES

__TI_cinit_table @ 00002ad8 records: 2, size/record: 8, table size: 16
	.data: load addr=00002aa8, load size=00000017 bytes, run addr=20007908, run size=00000054 bytes, compression=lzss
	.bss: load addr=00002ad0, load size=00000008 bytes, run addr=20000000, run size=00007705 bytes, compression=zero_init


LINKER GENERATED HANDLER TABLE

__TI_handler_table @ 00002ac0 records: 3, size/record: 4, table size: 12
	index: 0, handler: __TI_decompress_lzss
	index: 1, handler: __TI_decompress_none
	index: 2, handler: __TI_zero_init


GLOBAL SYMBOLS: SORTED ALPHABETICALLY BY Name 

address   name                          
-------   ----                          
00001a11  ButtonsInit                   
00001629  ButtonsPoll                   
00002791  C$$EXIT                       
00001bb1  ConfigureUART                 
000024b1  GPIODirModeSet                
00000657  GPIOPadConfigSet              
00001fad  GPIOPinConfigure              
0000268d  GPIOPinTypeI2C                
000026a3  GPIOPinTypeI2CSCL             
00002761  I2CMasterEnable               
00001ff9  I2CMasterInitExpClk           
0000276b  I2CMasterIntEnableEx          
00000789  I2CTaskInit                   
00001a79  IntEnable                     
000011ad  LEDTaskInit                   
0000147d  RGBColorSet                   
00001ae1  RGBDisable                    
00001275  RGBEnable                     
00000c05  RGBInit                       
000026d1  RGBIntensitySet               
0000277b  ResetISR                      
000020dd  SwitchTaskInit                
0000026d  SysCtlClockFreqSet            
00002419  SysCtlPeripheralDisable       
0000244d  SysCtlPeripheralEnable        
00002371  SysCtlPeripheralReady         
00001f5d  SysCtlPeripheralReset         
00002781  UARTClockSourceSet            
00001cdd  UARTStdioConfig               
000025f9  UARTprintf                    
0000046d  UARTvprintf                   
00002125  UARTwrite                     
20007908  __STACK_END                   
00000200  __STACK_SIZE                  
20007908  __STACK_TOP                   
00002ad8  __TI_CINIT_Base               
00002ae8  __TI_CINIT_Limit              
00002ac0  __TI_Handler_Table_Base       
00002acc  __TI_Handler_Table_Limit      
000021b5  __TI_auto_init_nobinit_nopinit
00001b49  __TI_decompress_lzss          
0000272d  __TI_decompress_none          
ffffffff  __TI_pprof_out_hndl           
ffffffff  __TI_prof_data_size           
ffffffff  __TI_prof_data_start          
00000000  __TI_static_base__            
0000273b  __TI_zero_init                
00001cdb  __aeabi_idiv0                 
00001cdb  __aeabi_ldiv0                 
00001835  __aeabi_memclr                
00001835  __aeabi_memclr4               
00001835  __aeabi_memclr8               
000013e1  __aeabi_memcpy                
000013e1  __aeabi_memcpy4               
000013e1  __aeabi_memcpy8               
00001837  __aeabi_memset                
00001837  __aeabi_memset4               
00001837  __aeabi_memset8               
0000223d  __aeabi_uidiv                 
0000223d  __aeabi_uidivmod              
ffffffff  __binit__                     
ffffffff  __c_args__                    
UNDEFED   __mpu_init                    
20007708  __stack                       
000023a9  _c_int00_noargs               
UNDEFED   _system_post_cinit            
0000278d  _system_pre_init              
00002791  abort                         
ffffffff  binit                         
200076f8  g_pI2CQueue                   
200076fc  g_pLEDQueue                   
20007700  g_pUARTSemaphore              
00000000  g_pfnVectors                  
000017b9  main                          
000013e1  memcpy                        
0000183d  memset                        
00001335  pvPortMalloc                  
0000262d  pvTaskIncrementMutexHeldCount 
20007908  pxCurrentTCB                  
00002531  pxPortInitialiseStack         
00002aa4  ulMaxSyscallInterruptPriority 
000010e9  ulPortGetIPSR                 
000025a1  uxListRemove                  
00001f07  vApplicationStackOverflowHook 
000026b9  vListInitialise               
00002787  vListInitialiseItem           
000023e1  vListInsert                   
00002645  vListInsertEnd                
0000119d  vPortEnableVFP                
000025dd  vPortEnterCritical            
0000265d  vPortExitCritical             
000021f9  vPortFree                     
00001161  vPortSVCHandler               
000026e5  vPortSetupTimerInterrupt      
00001181  vPortStartFirstTask           
00001dfd  vTaskDelay                    
000016b1  vTaskDelayUntil               
00002749  vTaskMissedYield              
00001c15  vTaskPlaceOnEventList         
0000150d  vTaskPriorityInherit          
00002675  vTaskSetTimeOutState          
00001d9d  vTaskStartScheduler           
0000271d  vTaskSuspendAll               
0000159d  vTaskSwitchContext            
00001101  xPortPendSVHandler            
0000227d  xPortStartScheduler           
000024dd  xPortSysTickHandler           
00002091  xQueueCreateMutex             
000022f9  xQueueGenericCreate           
00000aed  xQueueGenericReceive          
00001735  xQueueGenericReset            
00000f0d  xQueueGenericSend             
00001f09  xTaskCheckForTimeOut          
00000e0d  xTaskGenericCreate            
00002755  xTaskGetTickCount             
00000d09  xTaskIncrementTick            
000018b1  xTaskPriorityDisinherit       
00001929  xTaskRemoveFromEventList      
00000ff5  xTaskResumeAll                


GLOBAL SYMBOLS: SORTED BY Symbol Address 

address   name                          
-------   ----                          
00000000  __TI_static_base__            
00000000  g_pfnVectors                  
00000200  __STACK_SIZE                  
0000026d  SysCtlClockFreqSet            
0000046d  UARTvprintf                   
00000657  GPIOPadConfigSet              
00000789  I2CTaskInit                   
00000aed  xQueueGenericReceive          
00000c05  RGBInit                       
00000d09  xTaskIncrementTick            
00000e0d  xTaskGenericCreate            
00000f0d  xQueueGenericSend             
00000ff5  xTaskResumeAll                
000010e9  ulPortGetIPSR                 
00001101  xPortPendSVHandler            
00001161  vPortSVCHandler               
00001181  vPortStartFirstTask           
0000119d  vPortEnableVFP                
000011ad  LEDTaskInit                   
00001275  RGBEnable                     
00001335  pvPortMalloc                  
000013e1  __aeabi_memcpy                
000013e1  __aeabi_memcpy4               
000013e1  __aeabi_memcpy8               
000013e1  memcpy                        
0000147d  RGBColorSet                   
0000150d  vTaskPriorityInherit          
0000159d  vTaskSwitchContext            
00001629  ButtonsPoll                   
000016b1  vTaskDelayUntil               
00001735  xQueueGenericReset            
000017b9  main                          
00001835  __aeabi_memclr                
00001835  __aeabi_memclr4               
00001835  __aeabi_memclr8               
00001837  __aeabi_memset                
00001837  __aeabi_memset4               
00001837  __aeabi_memset8               
0000183d  memset                        
000018b1  xTaskPriorityDisinherit       
00001929  xTaskRemoveFromEventList      
00001a11  ButtonsInit                   
00001a79  IntEnable                     
00001ae1  RGBDisable                    
00001b49  __TI_decompress_lzss          
00001bb1  ConfigureUART                 
00001c15  vTaskPlaceOnEventList         
00001cdb  __aeabi_idiv0                 
00001cdb  __aeabi_ldiv0                 
00001cdd  UARTStdioConfig               
00001d9d  vTaskStartScheduler           
00001dfd  vTaskDelay                    
00001f07  vApplicationStackOverflowHook 
00001f09  xTaskCheckForTimeOut          
00001f5d  SysCtlPeripheralReset         
00001fad  GPIOPinConfigure              
00001ff9  I2CMasterInitExpClk           
00002091  xQueueCreateMutex             
000020dd  SwitchTaskInit                
00002125  UARTwrite                     
000021b5  __TI_auto_init_nobinit_nopinit
000021f9  vPortFree                     
0000223d  __aeabi_uidiv                 
0000223d  __aeabi_uidivmod              
0000227d  xPortStartScheduler           
000022f9  xQueueGenericCreate           
00002371  SysCtlPeripheralReady         
000023a9  _c_int00_noargs               
000023e1  vListInsert                   
00002419  SysCtlPeripheralDisable       
0000244d  SysCtlPeripheralEnable        
000024b1  GPIODirModeSet                
000024dd  xPortSysTickHandler           
00002531  pxPortInitialiseStack         
000025a1  uxListRemove                  
000025dd  vPortEnterCritical            
000025f9  UARTprintf                    
0000262d  pvTaskIncrementMutexHeldCount 
00002645  vListInsertEnd                
0000265d  vPortExitCritical             
00002675  vTaskSetTimeOutState          
0000268d  GPIOPinTypeI2C                
000026a3  GPIOPinTypeI2CSCL             
000026b9  vListInitialise               
000026d1  RGBIntensitySet               
000026e5  vPortSetupTimerInterrupt      
0000271d  vTaskSuspendAll               
0000272d  __TI_decompress_none          
0000273b  __TI_zero_init                
00002749  vTaskMissedYield              
00002755  xTaskGetTickCount             
00002761  I2CMasterEnable               
0000276b  I2CMasterIntEnableEx          
0000277b  ResetISR                      
00002781  UARTClockSourceSet            
00002787  vListInitialiseItem           
0000278d  _system_pre_init              
00002791  C$$EXIT                       
00002791  abort                         
00002aa4  ulMaxSyscallInterruptPriority 
00002ac0  __TI_Handler_Table_Base       
00002acc  __TI_Handler_Table_Limit      
00002ad8  __TI_CINIT_Base               
00002ae8  __TI_CINIT_Limit              
200076f8  g_pI2CQueue                   
200076fc  g_pLEDQueue                   
20007700  g_pUARTSemaphore              
20007708  __stack                       
20007908  __STACK_END                   
20007908  __STACK_TOP                   
20007908  pxCurrentTCB                  
ffffffff  __TI_pprof_out_hndl           
ffffffff  __TI_prof_data_size           
ffffffff  __TI_prof_data_start          
ffffffff  __binit__                     
ffffffff  __c_args__                    
ffffffff  binit                         
UNDEFED   __mpu_init                    
UNDEFED   _system_post_cinit            

[119 symbols]
